Archive member included to satisfy reference by file (symbol)

/Applications/STM32CubeIDE.app/Contents/Eclipse/plugins/com.st.stm32cube.ide.mcu.externaltools.gnu-tools-for-stm32.13.3.rel1.macos64_1.0.0.202411102158/tools/bin/../lib/gcc/arm-none-eabi/13.3.1/../../../../arm-none-eabi/lib/thumb/v7e-m+fp/hard/libc_nano.a(libc_a-exit.o)
                              /Applications/STM32CubeIDE.app/Contents/Eclipse/plugins/com.st.stm32cube.ide.mcu.externaltools.gnu-tools-for-stm32.13.3.rel1.macos64_1.0.0.202411102158/tools/bin/../lib/gcc/arm-none-eabi/13.3.1/../../../../arm-none-eabi/lib/thumb/v7e-m+fp/hard/crt0.o (exit)
/Applications/STM32CubeIDE.app/Contents/Eclipse/plugins/com.st.stm32cube.ide.mcu.externaltools.gnu-tools-for-stm32.13.3.rel1.macos64_1.0.0.202411102158/tools/bin/../lib/gcc/arm-none-eabi/13.3.1/../../../../arm-none-eabi/lib/thumb/v7e-m+fp/hard/libc_nano.a(libc_a-findfp.o)
                              /Applications/STM32CubeIDE.app/Contents/Eclipse/plugins/com.st.stm32cube.ide.mcu.externaltools.gnu-tools-for-stm32.13.3.rel1.macos64_1.0.0.202411102158/tools/bin/../lib/gcc/arm-none-eabi/13.3.1/../../../../arm-none-eabi/lib/thumb/v7e-m+fp/hard/libc_nano.a(libc_a-exit.o) (__stdio_exit_handler)
/Applications/STM32CubeIDE.app/Contents/Eclipse/plugins/com.st.stm32cube.ide.mcu.externaltools.gnu-tools-for-stm32.13.3.rel1.macos64_1.0.0.202411102158/tools/bin/../lib/gcc/arm-none-eabi/13.3.1/../../../../arm-none-eabi/lib/thumb/v7e-m+fp/hard/libc_nano.a(libc_a-fwalk.o)
                              /Applications/STM32CubeIDE.app/Contents/Eclipse/plugins/com.st.stm32cube.ide.mcu.externaltools.gnu-tools-for-stm32.13.3.rel1.macos64_1.0.0.202411102158/tools/bin/../lib/gcc/arm-none-eabi/13.3.1/../../../../arm-none-eabi/lib/thumb/v7e-m+fp/hard/libc_nano.a(libc_a-findfp.o) (_fwalk_sglue)
/Applications/STM32CubeIDE.app/Contents/Eclipse/plugins/com.st.stm32cube.ide.mcu.externaltools.gnu-tools-for-stm32.13.3.rel1.macos64_1.0.0.202411102158/tools/bin/../lib/gcc/arm-none-eabi/13.3.1/../../../../arm-none-eabi/lib/thumb/v7e-m+fp/hard/libc_nano.a(libc_a-memset.o)
                              /Applications/STM32CubeIDE.app/Contents/Eclipse/plugins/com.st.stm32cube.ide.mcu.externaltools.gnu-tools-for-stm32.13.3.rel1.macos64_1.0.0.202411102158/tools/bin/../lib/gcc/arm-none-eabi/13.3.1/../../../../arm-none-eabi/lib/thumb/v7e-m+fp/hard/crt0.o (memset)
/Applications/STM32CubeIDE.app/Contents/Eclipse/plugins/com.st.stm32cube.ide.mcu.externaltools.gnu-tools-for-stm32.13.3.rel1.macos64_1.0.0.202411102158/tools/bin/../lib/gcc/arm-none-eabi/13.3.1/../../../../arm-none-eabi/lib/thumb/v7e-m+fp/hard/libc_nano.a(libc_a-errno.o)
                              ./Core/Src/syscalls.o (__errno)
/Applications/STM32CubeIDE.app/Contents/Eclipse/plugins/com.st.stm32cube.ide.mcu.externaltools.gnu-tools-for-stm32.13.3.rel1.macos64_1.0.0.202411102158/tools/bin/../lib/gcc/arm-none-eabi/13.3.1/../../../../arm-none-eabi/lib/thumb/v7e-m+fp/hard/libc_nano.a(libc_a-init.o)
                              /Applications/STM32CubeIDE.app/Contents/Eclipse/plugins/com.st.stm32cube.ide.mcu.externaltools.gnu-tools-for-stm32.13.3.rel1.macos64_1.0.0.202411102158/tools/bin/../lib/gcc/arm-none-eabi/13.3.1/../../../../arm-none-eabi/lib/thumb/v7e-m+fp/hard/crt0.o (__libc_init_array)
/Applications/STM32CubeIDE.app/Contents/Eclipse/plugins/com.st.stm32cube.ide.mcu.externaltools.gnu-tools-for-stm32.13.3.rel1.macos64_1.0.0.202411102158/tools/bin/../lib/gcc/arm-none-eabi/13.3.1/../../../../arm-none-eabi/lib/thumb/v7e-m+fp/hard/libc_nano.a(libc_a-lock.o)
                              /Applications/STM32CubeIDE.app/Contents/Eclipse/plugins/com.st.stm32cube.ide.mcu.externaltools.gnu-tools-for-stm32.13.3.rel1.macos64_1.0.0.202411102158/tools/bin/../lib/gcc/arm-none-eabi/13.3.1/../../../../arm-none-eabi/lib/thumb/v7e-m+fp/hard/libc_nano.a(libc_a-findfp.o) (__retarget_lock_init_recursive)
/Applications/STM32CubeIDE.app/Contents/Eclipse/plugins/com.st.stm32cube.ide.mcu.externaltools.gnu-tools-for-stm32.13.3.rel1.macos64_1.0.0.202411102158/tools/bin/../lib/gcc/arm-none-eabi/13.3.1/../../../../arm-none-eabi/lib/thumb/v7e-m+fp/hard/libc_nano.a(libc_a-impure.o)
                              /Applications/STM32CubeIDE.app/Contents/Eclipse/plugins/com.st.stm32cube.ide.mcu.externaltools.gnu-tools-for-stm32.13.3.rel1.macos64_1.0.0.202411102158/tools/bin/../lib/gcc/arm-none-eabi/13.3.1/../../../../arm-none-eabi/lib/thumb/v7e-m+fp/hard/libc_nano.a(libc_a-errno.o) (_impure_ptr)
/Applications/STM32CubeIDE.app/Contents/Eclipse/plugins/com.st.stm32cube.ide.mcu.externaltools.gnu-tools-for-stm32.13.3.rel1.macos64_1.0.0.202411102158/tools/bin/../lib/gcc/arm-none-eabi/13.3.1/../../../../arm-none-eabi/lib/thumb/v7e-m+fp/hard/libc_nano.a(libc_a-mallocr.o)
[...]
Memory Configuration

Name             Origin             Length             Attributes
RAM              0x20000000         0x00020000         xrw
FLASH            0x08000000         0x00080000         xr
*default*        0x00000000         0xffffffff

Linker script and memory map

LOAD /Applications/STM32CubeIDE.app/Contents/Eclipse/plugins/com.st.stm32cube.ide.mcu.externaltools.gnu-tools-for-stm32.13.3.rel1.macos64_1.0.0.202411102158/tools/bin/../lib/gcc/arm-none-eabi/13.3.1/thumb/v7e-m+fp/hard/crti.o
LOAD /Applications/STM32CubeIDE.app/Contents/Eclipse/plugins/com.st.stm32cube.ide.mcu.externaltools.gnu-tools-for-stm32.13.3.rel1.macos64_1.0.0.202411102158/tools/bin/../lib/gcc/arm-none-eabi/13.3.1/thumb/v7e-m+fp/hard/crtbegin.o
LOAD /Applications/STM32CubeIDE.app/Contents/Eclipse/plugins/com.st.stm32cube.ide.mcu.externaltools.gnu-tools-for-stm32.13.3.rel1.macos64_1.0.0.202411102158/tools/bin/../lib/gcc/arm-none-eabi/13.3.1/../../../../arm-none-eabi/lib/thumb/v7e-m+fp/hard/crt0.o
LOAD ./Core/Src/game_task.o
LOAD ./Core/Src/lcd.o
LOAD ./Core/Src/main.o
LOAD ./Core/Src/sound_task.o
LOAD ./Core/Src/stm32f4xx_hal_msp.o
LOAD ./Core/Src/stm32f4xx_it.o
LOAD ./Core/Src/syscalls.o
LOAD ./Core/Src/sysmem.o
LOAD ./Core/Src/system_stm32f4xx.o
LOAD ./Core/Startup/startup_stm32f411ceux.o
LOAD ./Drivers/STM32F4xx_HAL_Driver/Src/stm32f4xx_hal.o
LOAD ./Drivers/STM32F4xx_HAL_Driver/Src/stm32f4xx_hal_adc.o
LOAD ./Drivers/STM32F4xx_HAL_Driver/Src/stm32f4xx_hal_adc_ex.o
LOAD ./Drivers/STM32F4xx_HAL_Driver/Src/stm32f4xx_hal_cortex.o
LOAD ./Drivers/STM32F4xx_HAL_Driver/Src/stm32f4xx_hal_dma.o
LOAD ./Drivers/STM32F4xx_HAL_Driver/Src/stm32f4xx_hal_dma_ex.o
LOAD ./Drivers/STM32F4xx_HAL_Driver/Src/stm32f4xx_hal_exti.o
LOAD ./Drivers/STM32F4xx_HAL_Driver/Src/stm32f4xx_hal_flash.o
LOAD ./Drivers/STM32F4xx_HAL_Driver/Src/stm32f4xx_hal_flash_ex.o
LOAD ./Drivers/STM32F4xx_HAL_Driver/Src/stm32f4xx_hal_flash_ramfunc.o
LOAD ./Drivers/STM32F4xx_HAL_Driver/Src/stm32f4xx_hal_gpio.o
LOAD ./Drivers/STM32F4xx_HAL_Driver/Src/stm32f4xx_hal_i2c.o
LOAD ./Drivers/STM32F4xx_HAL_Driver/Src/stm32f4xx_hal_i2c_ex.o
LOAD ./Drivers/STM32F4xx_HAL_Driver/Src/stm32f4xx_hal_pwr.o
LOAD ./Drivers/STM32F4xx_HAL_Driver/Src/stm32f4xx_hal_pwr_ex.o
LOAD ./Drivers/STM32F4xx_HAL_Driver/Src/stm32f4xx_hal_rcc.o
LOAD ./Drivers/STM32F4xx_HAL_Driver/Src/stm32f4xx_hal_rcc_ex.o
LOAD ./Drivers/STM32F4xx_HAL_Driver/Src/stm32f4xx_hal_tim.o
LOAD ./Drivers/STM32F4xx_HAL_Driver/Src/stm32f4xx_hal_tim_ex.o
LOAD ./Drivers/STM32F4xx_HAL_Driver/Src/stm32f4xx_ll_adc.o
START GROUP
LOAD /Applications/STM32CubeIDE.app/Contents/Eclipse/plugins/com.st.stm32cube.ide.mcu.externaltools.gnu-tools-for-stm32.13.3.rel1.macos64_1.0.0.202411102158/tools/bin/../lib/gcc/arm-none-eabi/13.3.1/../../../../arm-none-eabi/lib/thumb/v7e-m+fp/hard/libc_nano.a
LOAD /Applications/STM32CubeIDE.app/Contents/Eclipse/plugins/com.st.stm32cube.ide.mcu.externaltools.gnu-tools-for-stm32.13.3.rel1.macos64_1.0.0.202411102158/tools/bin/../lib/gcc/arm-none-eabi/13.3.1/../../../../arm-none-eabi/lib/thumb/v7e-m+fp/hard/libm.a
END GROUP
START GROUP
LOAD /Applications/STM32CubeIDE.app/Contents/Eclipse/plugins/com.st.stm32cube.ide.mcu.externaltools.gnu-tools-for-stm32.13.3.rel1.macos64_1.0.0.202411102158/tools/bin/../lib/gcc/arm-none-eabi/13.3.1/thumb/v7e-m+fp/hard/libgcc.a
LOAD /Applications/STM32CubeIDE.app/Contents/Eclipse/plugins/com.st.stm32cube.ide.mcu.externaltools.gnu-tools-for-stm32.13.3.rel1.macos64_1.0.0.202411102158/tools/bin/../lib/gcc/arm-none-eabi/13.3.1/../../../../arm-none-eabi/lib/thumb/v7e-m+fp/hard/libc_nano.a
END GROUP
START GROUP
LOAD /Applications/STM32CubeIDE.app/Contents/Eclipse/plugins/com.st.stm32cube.ide.mcu.externaltools.gnu-tools-for-stm32.13.3.rel1.macos64_1.0.0.202411102158/tools/bin/../lib/gcc/arm-none-eabi/13.3.1/thumb/v7e-m+fp/hard/libgcc.a
LOAD /Applications/STM32CubeIDE.app/Contents/Eclipse/plugins/com.st.stm32cube.ide.mcu.externaltools.gnu-tools-for-stm32.13.3.rel1.macos64_1.0.0.202411102158/tools/bin/../lib/gcc/arm-none-eabi/13.3.1/../../../../arm-none-eabi/lib/thumb/v7e-m+fp/hard/libc_nano.a
LOAD /Applications/STM32CubeIDE.app/Contents/Eclipse/plugins/com.st.stm32cube.ide.mcu.externaltools.gnu-tools-for-stm32.13.3.rel1.macos64_1.0.0.202411102158/tools/bin/../lib/gcc/arm-none-eabi/13.3.1/../../../../arm-none-eabi/lib/thumb/v7e-m+fp/hard/libnosys.a
END GROUP
START GROUP
LOAD /Applications/STM32CubeIDE.app/Contents/Eclipse/plugins/com.st.stm32cube.ide.mcu.externaltools.gnu-tools-for-stm32.13.3.rel1.macos64_1.0.0.202411102158/tools/bin/../lib/gcc/arm-none-eabi/13.3.1/thumb/v7e-m+fp/hard/libgcc.a
LOAD /Applications/STM32CubeIDE.app/Contents/Eclipse/plugins/com.st.stm32cube.ide.mcu.externaltools.gnu-tools-for-stm32.13.3.rel1.macos64_1.0.0.202411102158/tools/bin/../lib/gcc/arm-none-eabi/13.3.1/../../../../arm-none-eabi/lib/thumb/v7e-m+fp/hard/libc_nano.a
LOAD /Applications/STM32CubeIDE.app/Contents/Eclipse/plugins/com.st.stm32cube.ide.mcu.externaltools.gnu-tools-for-stm32.13.3.rel1.macos64_1.0.0.202411102158/tools/bin/../lib/gcc/arm-none-eabi/13.3.1/../../../../arm-none-eabi/lib/thumb/v7e-m+fp/hard/libnosys.a
END GROUP
LOAD /Applications/STM32CubeIDE.app/Contents/Eclipse/plugins/com.st.stm32cube.ide.mcu.externaltools.gnu-tools-for-stm32.13.3.rel1.macos64_1.0.0.202411102158/tools/bin/../lib/gcc/arm-none-eabi/13.3.1/thumb/v7e-m+fp/hard/crtend.o
LOAD /Applications/STM32CubeIDE.app/Contents/Eclipse/plugins/com.st.stm32cube.ide.mcu.externaltools.gnu-tools-for-stm32.13.3.rel1.macos64_1.0.0.202411102158/tools/bin/../lib/gcc/arm-none-eabi/13.3.1/thumb/v7e-m+fp/hard/crtn.o
                0x20020000                        _estack = (ORIGIN (RAM) + LENGTH (RAM))
                0x00000200                        _Min_Heap_Size = 0x200
                0x00000400                        _Min_Stack_Size = 0x400

.isr_vector     0x08000000      0x198
                0x08000000                        . = ALIGN (0x4)
 *(.isr_vector)
 .isr_vector    0x08000000      0x198 ./Core/Startup/startup_stm32f411ceux.o
                0x08000000                g_pfnVectors
                0x08000198                        . = ALIGN (0x4)

.text           0x08000198     0x3960
                0x08000198                        . = ALIGN (0x4)
 *(.text)
 .text          0x08000198       0x40 /Applications/STM32CubeIDE.app/Contents/Eclipse/plugins/com.st.stm32cube.ide.mcu.externaltools.gnu-tools-for-stm32.13.3.rel1.macos64_1.0.0.202411102158/tools/bin/../lib/gcc/arm-none-eabi/13.3.1/thumb/v7e-m+fp/hard/crtbegin.o
 .text          0x080001d8       0x30 /Applications/STM32CubeIDE.app/Contents/Eclipse/plugins/com.st.stm32cube.ide.mcu.externaltools.gnu-tools-for-stm32.13.3.rel1.macos64_1.0.0.202411102158/tools/bin/../lib/gcc/arm-none-eabi/13.3.1/thumb/v7e-m+fp/hard/libgcc.a(_aeabi_uldivmod.o)
                0x080001d8                __aeabi_uldivmod
 .text          0x08000208      0x2f8 /Applications/STM32CubeIDE.app/Contents/Eclipse/plugins/com.st.stm32cube.ide.mcu.externaltools.gnu-tools-for-stm32.13.3.rel1.macos64_1.0.0.202411102158/tools/bin/../lib/gcc/arm-none-eabi/13.3.1/thumb/v7e-m+fp/hard/libgcc.a(_udivmoddi4.o)
                0x08000208                __udivmoddi4
 .text          0x08000500        0x4 /Applications/STM32CubeIDE.app/Contents/Eclipse/plugins/com.st.stm32cube.ide.mcu.externaltools.gnu-tools-for-stm32.13.3.rel1.macos64_1.0.0.202411102158/tools/bin/../lib/gcc/arm-none-eabi/13.3.1/thumb/v7e-m+fp/hard/libgcc.a(_dvmd_tls.o)
                0x08000500                __aeabi_ldiv0
                0x08000500                __aeabi_idiv0
 *(.text*)
 .text.game_task_run
                0x08000504       0x36 ./Core/Src/game_task.o
                0x08000504                game_task_run
 .text.game_task_state_0_init
                0x0800053a       0x1a ./Core/Src/game_task.o
                0x0800053a                game_task_state_0_init
 .text.game_task_state_1_home
                0x08000554       0x44 ./Core/Src/game_task.o
                0x08000554                game_task_state_1_home
 .text.game_task_state_2_play
                0x08000598       0x68 ./Core/Src/game_task.o
                0x08000598                game_task_state_2_play
 .text.game_task_state_3_end
                0x08000600       0x1a ./Core/Src/game_task.o
                0x08000600                game_task_state_3_end
 *fill*         0x0800061a        0x2 
 .text.lcd_write_word
                0x0800061c       0x30 ./Core/Src/lcd.o
 .text.lcd_send_half
                0x0800064c       0x48 ./Core/Src/lcd.o
 .text.lcd_send_command
                0x08000694       0x2a ./Core/Src/lcd.o
                0x08000694                lcd_send_command
 .text.lcd_send_data
                0x080006be       0x2a ./Core/Src/lcd.o
                0x080006be                lcd_send_data
 .text.lcd_init
                0x080006e8       0x44 ./Core/Src/lcd.o
                0x080006e8                lcd_init
 .text.lcd_clear
                0x0800072c       0x14 ./Core/Src/lcd.o
                0x0800072c                lcd_clear
 .text.lcd_write
                0x08000740       0x50 ./Core/Src/lcd.o
                0x08000740                lcd_write
 .text.main     0x08000790       0x38 ./Core/Src/main.o
                0x08000790                main
 .text.SystemClock_Config
                0x080007c8       0xbc ./Core/Src/main.o
                0x080007c8                SystemClock_Config
 .text.MX_ADC1_Init
                0x08000884       0xa4 ./Core/Src/main.o
 .text.MX_I2C1_Init
                0x08000928       0x5c ./Core/Src/main.o
 .text.MX_TIM1_Init
                0x08000984      0x150 ./Core/Src/main.o
 .text.MX_TIM2_Init
                0x08000ad4       0xb0 ./Core/Src/main.o
 .text.MX_TIM3_Init
                0x08000b84       0xa8 ./Core/Src/main.o
 .text.MX_TIM4_Init
                0x08000c2c       0xc8 ./Core/Src/main.o
 .text.MX_TIM5_Init
                0x08000cf4       0xa8 ./Core/Src/main.o
 .text.MX_GPIO_Init
                0x08000d9c      0x148 ./Core/Src/main.o
 .text.Error_Handler
                0x08000ee4        0xc ./Core/Src/main.o
                0x08000ee4                Error_Handler
 .text.sound_task_state_0_init
                0x08000ef0       0x14 ./Core/Src/sound_task.o
                0x08000ef0                sound_task_state_0_init
 .text.sound_task_state_1_wait
                0x08000f04       0x52 ./Core/Src/sound_task.o
                0x08000f04                sound_task_state_1_wait
 .text.sound_task_state_2_laser
                0x08000f56       0x14 ./Core/Src/sound_task.o
                0x08000f56                sound_task_state_2_laser
 .text.sound_task_state_3_hit
                0x08000f6a       0x14 ./Core/Src/sound_task.o
                0x08000f6a                sound_task_state_3_hit
 .text.sound_task_state_4_win
                0x08000f7e       0x14 ./Core/Src/sound_task.o
                0x08000f7e                sound_task_state_4_win
 .text.sound_task_state_5_start
                0x08000f92       0x14 ./Core/Src/sound_task.o
                0x08000f92                sound_task_state_5_start
 *fill*         0x08000fa6        0x2 
 .text.HAL_MspInit
                0x08000fa8       0x50 ./Core/Src/stm32f4xx_hal_msp.o
                0x08000fa8                HAL_MspInit
 .text.HAL_ADC_MspInit
                0x08000ff8       0x88 ./Core/Src/stm32f4xx_hal_msp.o
                0x08000ff8                HAL_ADC_MspInit
 .text.HAL_I2C_MspInit
                0x08001080       0x90 ./Core/Src/stm32f4xx_hal_msp.o
                0x08001080                HAL_I2C_MspInit
 .text.HAL_TIM_PWM_MspInit
                0x08001110       0x98 ./Core/Src/stm32f4xx_hal_msp.o
                0x08001110                HAL_TIM_PWM_MspInit
 .text.HAL_TIM_Encoder_MspInit
                0x080011a8       0xfc ./Core/Src/stm32f4xx_hal_msp.o
                0x080011a8                HAL_TIM_Encoder_MspInit
 .text.HAL_TIM_MspPostInit
                0x080012a4      0x110 ./Core/Src/stm32f4xx_hal_msp.o
                0x080012a4                HAL_TIM_MspPostInit
 .text.NMI_Handler
                0x080013b4        0x8 ./Core/Src/stm32f4xx_it.o
                0x080013b4                NMI_Handler
 .text.HardFault_Handler
                0x080013bc        0x8 ./Core/Src/stm32f4xx_it.o
                0x080013bc                HardFault_Handler
 .text.MemManage_Handler
                0x080013c4        0x8 ./Core/Src/stm32f4xx_it.o
                0x080013c4                MemManage_Handler
 .text.BusFault_Handler
                0x080013cc        0x8 ./Core/Src/stm32f4xx_it.o
                0x080013cc                BusFault_Handler
 .text.UsageFault_Handler
                0x080013d4        0x8 ./Core/Src/stm32f4xx_it.o
                0x080013d4                UsageFault_Handler
 .text.SVC_Handler
                0x080013dc        0xe ./Core/Src/stm32f4xx_it.o
                0x080013dc                SVC_Handler
 .text.DebugMon_Handler
                0x080013ea        0xe ./Core/Src/stm32f4xx_it.o
                0x080013ea                DebugMon_Handler
 .text.PendSV_Handler
                0x080013f8        0xe ./Core/Src/stm32f4xx_it.o
                0x080013f8                PendSV_Handler
 .text.SysTick_Handler
                0x08001406        0xc ./Core/Src/stm32f4xx_it.o
                0x08001406                SysTick_Handler
 *fill*         0x08001412        0x2 
 .text.SystemInit
                0x08001414       0x24 ./Core/Src/system_stm32f4xx.o
                0x08001414                SystemInit
 .text.Reset_Handler
                0x08001438       0x50 ./Core/Startup/startup_stm32f411ceux.o
                0x08001438                Reset_Handler
 .text.Default_Handler
                0x08001488        0x2 ./Core/Startup/startup_stm32f411ceux.o
                0x08001488                DMA1_Stream3_IRQHandler
                0x08001488                EXTI2_IRQHandler
                0x08001488                SPI4_IRQHandler
                0x08001488                TIM1_CC_IRQHandler
                0x08001488                DMA2_Stream5_IRQHandler
                0x08001488                DMA1_Stream5_IRQHandler
                0x08001488                PVD_IRQHandler
                0x08001488                SDIO_IRQHandler
                0x08001488                TAMP_STAMP_IRQHandler
                0x08001488                EXTI3_IRQHandler
                0x08001488                TIM1_UP_TIM10_IRQHandler
                0x08001488                I2C3_ER_IRQHandler
                0x08001488                EXTI0_IRQHandler
                0x08001488                I2C2_EV_IRQHandler
                0x08001488                DMA1_Stream2_IRQHandler
                0x08001488                FPU_IRQHandler
                0x08001488                DMA2_Stream2_IRQHandler
                0x08001488                SPI1_IRQHandler
                0x08001488                TIM1_BRK_TIM9_IRQHandler
                0x08001488                DMA2_Stream3_IRQHandler
                0x08001488                USART6_IRQHandler
                0x08001488                DMA2_Stream0_IRQHandler
                0x08001488                TIM4_IRQHandler
                0x08001488                I2C1_EV_IRQHandler
                0x08001488                DMA1_Stream6_IRQHandler
                0x08001488                DMA1_Stream1_IRQHandler
                0x08001488                TIM3_IRQHandler
                0x08001488                RCC_IRQHandler
                0x08001488                Default_Handler
                0x08001488                EXTI15_10_IRQHandler
                0x08001488                ADC_IRQHandler
                0x08001488                DMA1_Stream7_IRQHandler
                0x08001488                SPI5_IRQHandler
                0x08001488                TIM5_IRQHandler
                0x08001488                DMA2_Stream7_IRQHandler
                0x08001488                I2C3_EV_IRQHandler
                0x08001488                EXTI9_5_IRQHandler
                0x08001488                RTC_WKUP_IRQHandler
                0x08001488                SPI2_IRQHandler
                0x08001488                DMA1_Stream0_IRQHandler
                0x08001488                EXTI4_IRQHandler
                0x08001488                WWDG_IRQHandler
                0x08001488                TIM2_IRQHandler
                0x08001488                OTG_FS_WKUP_IRQHandler
                0x08001488                TIM1_TRG_COM_TIM11_IRQHandler
                0x08001488                EXTI1_IRQHandler
                0x08001488                USART2_IRQHandler
                0x08001488                I2C2_ER_IRQHandler
                0x08001488                DMA2_Stream1_IRQHandler
                0x08001488                FLASH_IRQHandler
                0x08001488                DMA2_Stream4_IRQHandler
                0x08001488                USART1_IRQHandler
                0x08001488                OTG_FS_IRQHandler
                0x08001488                SPI3_IRQHandler
                0x08001488                DMA1_Stream4_IRQHandler
                0x08001488                I2C1_ER_IRQHandler
                0x08001488                DMA2_Stream6_IRQHandler
                0x08001488                RTC_Alarm_IRQHandler
 *fill*         0x0800148a        0x2 
 .text.HAL_Init
                0x0800148c       0x44 ./Drivers/STM32F4xx_HAL_Driver/Src/stm32f4xx_hal.o
                0x0800148c                HAL_Init
 .text.HAL_InitTick
                0x080014d0       0x60 ./Drivers/STM32F4xx_HAL_Driver/Src/stm32f4xx_hal.o
                0x080014d0                HAL_InitTick
 .text.HAL_IncTick
                0x08001530       0x28 ./Drivers/STM32F4xx_HAL_Driver/Src/stm32f4xx_hal.o
                0x08001530                HAL_IncTick
 .text.HAL_GetTick
                0x08001558       0x18 ./Drivers/STM32F4xx_HAL_Driver/Src/stm32f4xx_hal.o
                0x08001558                HAL_GetTick
 .text.HAL_Delay
                0x08001570       0x48 ./Drivers/STM32F4xx_HAL_Driver/Src/stm32f4xx_hal.o
                0x08001570                HAL_Delay
 .text.HAL_ADC_Init
                0x080015b8       0x86 ./Drivers/STM32F4xx_HAL_Driver/Src/stm32f4xx_hal_adc.o
                0x080015b8                HAL_ADC_Init
 *fill*         0x0800163e        0x2 
 .text.HAL_ADC_ConfigChannel
                0x08001640      0x264 ./Drivers/STM32F4xx_HAL_Driver/Src/stm32f4xx_hal_adc.o
                0x08001640                HAL_ADC_ConfigChannel
 .text.ADC_Init
                0x080018a4      0x1f8 ./Drivers/STM32F4xx_HAL_Driver/Src/stm32f4xx_hal_adc.o
 .text.__NVIC_SetPriorityGrouping
                0x08001a9c       0x48 ./Drivers/STM32F4xx_HAL_Driver/Src/stm32f4xx_hal_cortex.o
 .text.__NVIC_GetPriorityGrouping
                0x08001ae4       0x1c ./Drivers/STM32F4xx_HAL_Driver/Src/stm32f4xx_hal_cortex.o
 .text.__NVIC_SetPriority
                0x08001b00       0x54 ./Drivers/STM32F4xx_HAL_Driver/Src/stm32f4xx_hal_cortex.o
 .text.NVIC_EncodePriority
                0x08001b54       0x66 ./Drivers/STM32F4xx_HAL_Driver/Src/stm32f4xx_hal_cortex.o
 *fill*         0x08001bba        0x2 
 .text.SysTick_Config
                0x08001bbc       0x44 ./Drivers/STM32F4xx_HAL_Driver/Src/stm32f4xx_hal_cortex.o
 .text.HAL_NVIC_SetPriorityGrouping
                0x08001c00       0x16 ./Drivers/STM32F4xx_HAL_Driver/Src/stm32f4xx_hal_cortex.o
                0x08001c00                HAL_NVIC_SetPriorityGrouping
 .text.HAL_NVIC_SetPriority
                0x08001c16       0x38 ./Drivers/STM32F4xx_HAL_Driver/Src/stm32f4xx_hal_cortex.o
                0x08001c16                HAL_NVIC_SetPriority
 .text.HAL_SYSTICK_Config
                0x08001c4e       0x18 ./Drivers/STM32F4xx_HAL_Driver/Src/stm32f4xx_hal_cortex.o
                0x08001c4e                HAL_SYSTICK_Config
 *fill*         0x08001c66        0x2 
 .text.HAL_GPIO_Init
                0x08001c68      0x308 ./Drivers/STM32F4xx_HAL_Driver/Src/stm32f4xx_hal_gpio.o
                0x08001c68                HAL_GPIO_Init
 .text.HAL_GPIO_WritePin
                0x08001f70       0x32 ./Drivers/STM32F4xx_HAL_Driver/Src/stm32f4xx_hal_gpio.o
                0x08001f70                HAL_GPIO_WritePin
 *fill*         0x08001fa2        0x2 
 .text.HAL_I2C_Init
                0x08001fa4      0x288 ./Drivers/STM32F4xx_HAL_Driver/Src/stm32f4xx_hal_i2c.o
                0x08001fa4                HAL_I2C_Init
 .text.HAL_I2C_Master_Transmit
                0x0800222c      0x1fc ./Drivers/STM32F4xx_HAL_Driver/Src/stm32f4xx_hal_i2c.o
                0x0800222c                HAL_I2C_Master_Transmit
 .text.I2C_MasterRequestWrite
                0x08002428      0x104 ./Drivers/STM32F4xx_HAL_Driver/Src/stm32f4xx_hal_i2c.o
 .text.I2C_WaitOnFlagUntilTimeout
                0x0800252c       0xf4 ./Drivers/STM32F4xx_HAL_Driver/Src/stm32f4xx_hal_i2c.o
 .text.I2C_WaitOnMasterAddressFlagUntilTimeout
                0x08002620      0x140 ./Drivers/STM32F4xx_HAL_Driver/Src/stm32f4xx_hal_i2c.o
 .text.I2C_WaitOnTXEFlagUntilTimeout
                0x08002760       0x90 ./Drivers/STM32F4xx_HAL_Driver/Src/stm32f4xx_hal_i2c.o
 .text.I2C_WaitOnBTFFlagUntilTimeout
                0x080027f0       0x90 ./Drivers/STM32F4xx_HAL_Driver/Src/stm32f4xx_hal_i2c.o
 .text.I2C_IsAcknowledgeFailed
                0x08002880       0x5e ./Drivers/STM32F4xx_HAL_Driver/Src/stm32f4xx_hal_i2c.o
 *fill*         0x080028de        0x2 
 .text.HAL_RCC_OscConfig
                0x080028e0      0x4f0 ./Drivers/STM32F4xx_HAL_Driver/Src/stm32f4xx_hal_rcc.o
                0x080028e0                HAL_RCC_OscConfig
 .text.HAL_RCC_ClockConfig
                0x08002dd0      0x1cc ./Drivers/STM32F4xx_HAL_Driver/Src/stm32f4xx_hal_rcc.o
                0x08002dd0                HAL_RCC_ClockConfig
 .text.HAL_RCC_GetSysClockFreq
                0x08002f9c      0x18c ./Drivers/STM32F4xx_HAL_Driver/Src/stm32f4xx_hal_rcc.o
                0x08002f9c                HAL_RCC_GetSysClockFreq
 .text.HAL_RCC_GetHCLKFreq
                0x08003128       0x18 ./Drivers/STM32F4xx_HAL_Driver/Src/stm32f4xx_hal_rcc.o
                0x08003128                HAL_RCC_GetHCLKFreq
 .text.HAL_RCC_GetPCLK1Freq
                0x08003140       0x28 ./Drivers/STM32F4xx_HAL_Driver/Src/stm32f4xx_hal_rcc.o
                0x08003140                HAL_RCC_GetPCLK1Freq
 .text.HAL_TIM_PWM_Init
                0x08003168       0x9e ./Drivers/STM32F4xx_HAL_Driver/Src/stm32f4xx_hal_tim.o
                0x08003168                HAL_TIM_PWM_Init
 .text.HAL_TIM_Encoder_Init
                0x08003206      0x14c ./Drivers/STM32F4xx_HAL_Driver/Src/stm32f4xx_hal_tim.o
                0x08003206                HAL_TIM_Encoder_Init
 *fill*         0x08003352        0x2 
 .text.HAL_TIM_PWM_ConfigChannel
                0x08003354      0x184 ./Drivers/STM32F4xx_HAL_Driver/Src/stm32f4xx_hal_tim.o
                0x08003354                HAL_TIM_PWM_ConfigChannel
 .text.TIM_Base_SetConfig
                0x080034d8      0x118 ./Drivers/STM32F4xx_HAL_Driver/Src/stm32f4xx_hal_tim.o
                0x080034d8                TIM_Base_SetConfig
 .text.TIM_OC1_SetConfig
                0x080035f0       0xcc ./Drivers/STM32F4xx_HAL_Driver/Src/stm32f4xx_hal_tim.o
 .text.TIM_OC2_SetConfig
                0x080036bc       0xd8 ./Drivers/STM32F4xx_HAL_Driver/Src/stm32f4xx_hal_tim.o
                0x080036bc                TIM_OC2_SetConfig
 .text.TIM_OC3_SetConfig
                0x08003794       0xd4 ./Drivers/STM32F4xx_HAL_Driver/Src/stm32f4xx_hal_tim.o
 .text.TIM_OC4_SetConfig
                0x08003868       0xa0 ./Drivers/STM32F4xx_HAL_Driver/Src/stm32f4xx_hal_tim.o
 .text.HAL_TIMEx_MasterConfigSynchronization
                0x08003908       0xdc ./Drivers/STM32F4xx_HAL_Driver/Src/stm32f4xx_hal_tim_ex.o
                0x08003908                HAL_TIMEx_MasterConfigSynchronization
 .text.HAL_TIMEx_ConfigBreakDeadTime
                0x080039e4       0xa4 ./Drivers/STM32F4xx_HAL_Driver/Src/stm32f4xx_hal_tim_ex.o
                0x080039e4                HAL_TIMEx_ConfigBreakDeadTime
 .text.memset   0x08003a88       0x10 /Applications/STM32CubeIDE.app/Contents/Eclipse/plugins/com.st.stm32cube.ide.mcu.externaltools.gnu-tools-for-stm32.13.3.rel1.macos64_1.0.0.202411102158/tools/bin/../lib/gcc/arm-none-eabi/13.3.1/../../../../arm-none-eabi/lib/thumb/v7e-m+fp/hard/libc_nano.a(libc_a-memset.o)
                0x08003a88                memset
 .text.__libc_init_array
                0x08003a98       0x48 /Applications/STM32CubeIDE.app/Contents/Eclipse/plugins/com.st.stm32cube.ide.mcu.externaltools.gnu-tools-for-stm32.13.3.rel1.macos64_1.0.0.202411102158/tools/bin/../lib/gcc/arm-none-eabi/13.3.1/../../../../arm-none-eabi/lib/thumb/v7e-m+fp/hard/libc_nano.a(libc_a-init.o)
                0x08003a98                __libc_init_array
 *(.glue_7)
 .glue_7        0x08003ae0        0x0 linker stubs
 *(.glue_7t)
 .glue_7t       0x08003ae0        0x0 linker stubs
 *(.eh_frame)
 .eh_frame      0x08003ae0        0x0 /Applications/STM32CubeIDE.app/Contents/Eclipse/plugins/com.st.stm32cube.ide.mcu.externaltools.gnu-tools-for-stm32.13.3.rel1.macos64_1.0.0.202411102158/tools/bin/../lib/gcc/arm-none-eabi/13.3.1/thumb/v7e-m+fp/hard/crtbegin.o
 *(.init)
 .init          0x08003ae0        0x4 /Applications/STM32CubeIDE.app/Contents/Eclipse/plugins/com.st.stm32cube.ide.mcu.externaltools.gnu-tools-for-stm32.13.3.rel1.macos64_1.0.0.202411102158/tools/bin/../lib/gcc/arm-none-eabi/13.3.1/thumb/v7e-m+fp/hard/crti.o
                0x08003ae0                _init
 .init          0x08003ae4        0x8 /Applications/STM32CubeIDE.app/Contents/Eclipse/plugins/com.st.stm32cube.ide.mcu.externaltools.gnu-tools-for-stm32.13.3.rel1.macos64_1.0.0.202411102158/tools/bin/../lib/gcc/arm-none-eabi/13.3.1/thumb/v7e-m+fp/hard/crtn.o
 *(.fini)
 .fini          0x08003aec        0x4 /Applications/STM32CubeIDE.app/Contents/Eclipse/plugins/com.st.stm32cube.ide.mcu.externaltools.gnu-tools-for-stm32.13.3.rel1.macos64_1.0.0.202411102158/tools/bin/../lib/gcc/arm-none-eabi/13.3.1/thumb/v7e-m+fp/hard/crti.o
                0x08003aec                _fini
 .fini          0x08003af0        0x8 /Applications/STM32CubeIDE.app/Contents/Eclipse/plugins/com.st.stm32cube.ide.mcu.externaltools.gnu-tools-for-stm32.13.3.rel1.macos64_1.0.0.202411102158/tools/bin/../lib/gcc/arm-none-eabi/13.3.1/thumb/v7e-m+fp/hard/crtn.o
                0x08003af8                        . = ALIGN (0x4)
                0x08003af8                        _etext = .

.vfp11_veneer   0x08003af8        0x0
 .vfp11_veneer  0x08003af8        0x0 linker stubs

.v4_bx          0x08003af8        0x0
 .v4_bx         0x08003af8        0x0 linker stubs

.iplt           0x08003af8        0x0
 .iplt          0x08003af8        0x0 /Applications/STM32CubeIDE.app/Contents/Eclipse/plugins/com.st.stm32cube.ide.mcu.externaltools.gnu-tools-for-stm32.13.3.rel1.macos64_1.0.0.202411102158/tools/bin/../lib/gcc/arm-none-eabi/13.3.1/thumb/v7e-m+fp/hard/crtbegin.o

.rodata         0x08003af8       0x9c
                0x08003af8                        . = ALIGN (0x4)
 *(.rodata)
 .rodata        0x08003af8       0x81 ./Core/Src/game_task.o
 *(.rodata*)
 *fill*         0x08003b79        0x3 
 .rodata.AHBPrescTable
                0x08003b7c       0x10 ./Core/Src/system_stm32f4xx.o
                0x08003b7c                AHBPrescTable
 .rodata.APBPrescTable
                0x08003b8c        0x8 ./Core/Src/system_stm32f4xx.o
                0x08003b8c                APBPrescTable
                0x08003b94                        . = ALIGN (0x4)

.ARM.extab      0x08003b94        0x0
                0x08003b94                        . = ALIGN (0x4)
 *(.ARM.extab* .gnu.linkonce.armextab.*)
                0x08003b94                        . = ALIGN (0x4)

.ARM            0x08003b94        0x8
                0x08003b94                        . = ALIGN (0x4)
                0x08003b94                        __exidx_start = .
 *(.ARM.exidx*)
 .ARM.exidx     0x08003b94        0x8 /Applications/STM32CubeIDE.app/Contents/Eclipse/plugins/com.st.stm32cube.ide.mcu.externaltools.gnu-tools-for-stm32.13.3.rel1.macos64_1.0.0.202411102158/tools/bin/../lib/gcc/arm-none-eabi/13.3.1/thumb/v7e-m+fp/hard/libgcc.a(_udivmoddi4.o)
                0x08003b9c                        __exidx_end = .
                0x08003b9c                        . = ALIGN (0x4)

.preinit_array  0x08003b9c        0x0
                0x08003b9c                        . = ALIGN (0x4)
                0x08003b9c                        PROVIDE (__preinit_array_start = .)
 *(.preinit_array*)
                0x08003b9c                        PROVIDE (__preinit_array_end = .)
                0x08003b9c                        . = ALIGN (0x4)

.init_array     0x08003b9c        0x4
                0x08003b9c                        . = ALIGN (0x4)
                0x08003b9c                        PROVIDE (__init_array_start = .)
 *(SORT_BY_NAME(.init_array.*))
 *(.init_array*)
 .init_array    0x08003b9c        0x4 /Applications/STM32CubeIDE.app/Contents/Eclipse/plugins/com.st.stm32cube.ide.mcu.externaltools.gnu-tools-for-stm32.13.3.rel1.macos64_1.0.0.202411102158/tools/bin/../lib/gcc/arm-none-eabi/13.3.1/thumb/v7e-m+fp/hard/crtbegin.o
                0x08003ba0                        PROVIDE (__init_array_end = .)
                0x08003ba0                        . = ALIGN (0x4)

.fini_array     0x08003ba0        0x4
                0x08003ba0                        . = ALIGN (0x4)
                [!provide]                        PROVIDE (__fini_array_start = .)
 *(SORT_BY_NAME(.fini_array.*))
 *(.fini_array*)
 .fini_array    0x08003ba0        0x4 /Applications/STM32CubeIDE.app/Contents/Eclipse/plugins/com.st.stm32cube.ide.mcu.externaltools.gnu-tools-for-stm32.13.3.rel1.macos64_1.0.0.202411102158/tools/bin/../lib/gcc/arm-none-eabi/13.3.1/thumb/v7e-m+fp/hard/crtbegin.o
                [!provide]                        PROVIDE (__fini_array_end = .)
                0x08003ba4                        . = ALIGN (0x4)
                0x08003ba4                        _sidata = LOADADDR (.data)

.rel.dyn        0x08003ba4        0x0
 .rel.iplt      0x08003ba4        0x0 /Applications/STM32CubeIDE.app/Contents/Eclipse/plugins/com.st.stm32cube.ide.mcu.externaltools.gnu-tools-for-stm32.13.3.rel1.macos64_1.0.0.202411102158/tools/bin/../lib/gcc/arm-none-eabi/13.3.1/thumb/v7e-m+fp/hard/crtbegin.o

.data           0x20000000       0x6c load address 0x08003ba4
                0x20000000                        . = ALIGN (0x4)
                0x20000000                        _sdata = .
 *(.data)
 *(.data*)
 .data.sound_task
                0x20000000       0x30 ./Core/Src/main.o
                0x20000000                sound_task
 .data.game_task
                0x20000030       0x30 ./Core/Src/main.o
                0x20000030                game_task
 .data.SystemCoreClock
                0x20000060        0x4 ./Core/Src/system_stm32f4xx.o
                0x20000060                SystemCoreClock
 .data.uwTickPrio
                0x20000064        0x4 ./Drivers/STM32F4xx_HAL_Driver/Src/stm32f4xx_hal.o
                0x20000064                uwTickPrio
 .data.uwTickFreq
                0x20000068        0x1 ./Drivers/STM32F4xx_HAL_Driver/Src/stm32f4xx_hal.o
                0x20000068                uwTickFreq
 *(.RamFunc)
 *(.RamFunc*)
                0x2000006c                        . = ALIGN (0x4)
 *fill*         0x20000069        0x3 
                0x2000006c                        _edata = .

.igot.plt       0x2000006c        0x0 load address 0x08003c10
 .igot.plt      0x2000006c        0x0 /Applications/STM32CubeIDE.app/Contents/Eclipse/plugins/com.st.stm32cube.ide.mcu.externaltools.gnu-tools-for-stm32.13.3.rel1.macos64_1.0.0.202411102158/tools/bin/../lib/gcc/arm-none-eabi/13.3.1/thumb/v7e-m+fp/hard/crtbegin.o
                0x2000006c                        . = ALIGN (0x4)

.bss            0x2000006c      0x228 load address 0x08003c10
                0x2000006c                        _sbss = .
                0x2000006c                        __bss_start__ = _sbss
 *(.bss)
 .bss           0x2000006c       0x1c /Applications/STM32CubeIDE.app/Contents/Eclipse/plugins/com.st.stm32cube.ide.mcu.externaltools.gnu-tools-for-stm32.13.3.rel1.macos64_1.0.0.202411102158/tools/bin/../lib/gcc/arm-none-eabi/13.3.1/thumb/v7e-m+fp/hard/crtbegin.o
 *(.bss*)
 .bss.lcd_hi2c  0x20000088        0x4 ./Core/Src/lcd.o
 .bss.hadc1     0x2000008c       0x48 ./Core/Src/main.o
                0x2000008c                hadc1
 .bss.hi2c1     0x200000d4       0x54 ./Core/Src/main.o
                0x200000d4                hi2c1
 .bss.htim1     0x20000128       0x48 ./Core/Src/main.o
                0x20000128                htim1
 .bss.htim2     0x20000170       0x48 ./Core/Src/main.o
                0x20000170                htim2
 .bss.htim3     0x200001b8       0x48 ./Core/Src/main.o
                0x200001b8                htim3
 .bss.htim4     0x20000200       0x48 ./Core/Src/main.o
                0x20000200                htim4
 .bss.htim5     0x20000248       0x48 ./Core/Src/main.o
                0x20000248                htim5
 .bss.uwTick    0x20000290        0x4 ./Drivers/STM32F4xx_HAL_Driver/Src/stm32f4xx_hal.o
                0x20000290                uwTick
 *(COMMON)
                0x20000294                        . = ALIGN (0x4)
                0x20000294                        _ebss = .
                0x20000294                        __bss_end__ = _ebss

._user_heap_stack
                0x20000294      0x604 load address 0x08003c10
                0x20000298                        . = ALIGN (0x8)
 *fill*         0x20000294        0x4 
                [!provide]                        PROVIDE (end = .)
                0x20000298                        PROVIDE (_end = .)
                0x20000498                        . = (. + _Min_Heap_Size)
 *fill*         0x20000298      0x200 
                0x20000898                        . = (. + _Min_Stack_Size)
 *fill*         0x20000498      0x400 
                0x20000898                        . = ALIGN (0x8)

/DISCARD/
 libc.a(*)
 libm.a(*)
 libgcc.a(*)

.ARM.attributes
                0x00000000       0x30
 *(.ARM.attributes)
 .ARM.attributes
                0x00000000       0x22 /Applications/STM32CubeIDE.app/Contents/Eclipse/plugins/com.st.stm32cube.ide.mcu.externaltools.gnu-tools-for-stm32.13.3.rel1.macos64_1.0.0.202411102158/tools/bin/../lib/gcc/arm-none-eabi/13.3.1/thumb/v7e-m+fp/hard/crti.o
 .ARM.attributes
                0x00000022       0x34 /Applications/STM32CubeIDE.app/Contents/Eclipse/plugins/com.st.stm32cube.ide.mcu.externaltools.gnu-tools-for-stm32.13.3.rel1.macos64_1.0.0.202411102158/tools/bin/../lib/gcc/arm-none-eabi/13.3.1/thumb/v7e-m+fp/hard/crtbegin.o
 .ARM.attributes
                0x00000056       0x34 ./Core/Src/game_task.o
 .ARM.attributes
                0x0000008a       0x34 ./Core/Src/lcd.o
 .ARM.attributes
                0x000000be       0x34 ./Core/Src/main.o
 .ARM.attributes
                0x000000f2       0x34 ./Core/Src/sound_task.o
 .ARM.attributes
                0x00000126       0x34 ./Core/Src/stm32f4xx_hal_msp.o
 .ARM.attributes
                0x0000015a       0x34 ./Core/Src/stm32f4xx_it.o
 .ARM.attributes
                0x0000018e       0x34 ./Core/Src/system_stm32f4xx.o
 .ARM.attributes
                0x000001c2       0x21 ./Core/Startup/startup_stm32f411ceux.o
 .ARM.attributes
                0x000001e3       0x34 ./Drivers/STM32F4xx_HAL_Driver/Src/stm32f4xx_hal.o
 .ARM.attributes
                0x00000217       0x34 ./Drivers/STM32F4xx_HAL_Driver/Src/stm32f4xx_hal_adc.o
 .ARM.attributes
                0x0000024b       0x34 ./Drivers/STM32F4xx_HAL_Driver/Src/stm32f4xx_hal_cortex.o
 .ARM.attributes
                0x0000027f       0x34 ./Drivers/STM32F4xx_HAL_Driver/Src/stm32f4xx_hal_gpio.o
 .ARM.attributes
                0x000002b3       0x34 ./Drivers/STM32F4xx_HAL_Driver/Src/stm32f4xx_hal_i2c.o
 .ARM.attributes
                0x000002e7       0x34 ./Drivers/STM32F4xx_HAL_Driver/Src/stm32f4xx_hal_rcc.o
 .ARM.attributes
                0x0000031b       0x34 ./Drivers/STM32F4xx_HAL_Driver/Src/stm32f4xx_hal_tim.o
 .ARM.attributes
                0x0000034f       0x34 ./Drivers/STM32F4xx_HAL_Driver/Src/stm32f4xx_hal_tim_ex.o
 .ARM.attributes
                0x00000383       0x34 /Applications/STM32CubeIDE.app/Contents/Eclipse/plugins/com.st.stm32cube.ide.mcu.externaltools.gnu-tools-for-stm32.13.3.rel1.macos64_1.0.0.202411102158/tools/bin/../lib/gcc/arm-none-eabi/13.3.1/../../../../arm-none-eabi/lib/thumb/v7e-m+fp/hard/libc_nano.a(libc_a-memset.o)
 .ARM.attributes
                0x000003b7       0x34 /Applications/STM32CubeIDE.app/Contents/Eclipse/plugins/com.st.stm32cube.ide.mcu.externaltools.gnu-tools-for-stm32.13.3.rel1.macos64_1.0.0.202411102158/tools/bin/../lib/gcc/arm-none-eabi/13.3.1/../../../../arm-none-eabi/lib/thumb/v7e-m+fp/hard/libc_nano.a(libc_a-init.o)
 .ARM.attributes
                0x000003eb       0x22 /Applications/STM32CubeIDE.app/Contents/Eclipse/plugins/com.st.stm32cube.ide.mcu.externaltools.gnu-tools-for-stm32.13.3.rel1.macos64_1.0.0.202411102158/tools/bin/../lib/gcc/arm-none-eabi/13.3.1/thumb/v7e-m+fp/hard/libgcc.a(_aeabi_uldivmod.o)
 .ARM.attributes
                0x0000040d       0x34 /Applications/STM32CubeIDE.app/Contents/Eclipse/plugins/com.st.stm32cube.ide.mcu.externaltools.gnu-tools-for-stm32.13.3.rel1.macos64_1.0.0.202411102158/tools/bin/../lib/gcc/arm-none-eabi/13.3.1/thumb/v7e-m+fp/hard/libgcc.a(_udivmoddi4.o)
 .ARM.attributes
                0x00000441       0x22 /Applications/STM32CubeIDE.app/Contents/Eclipse/plugins/com.st.stm32cube.ide.mcu.externaltools.gnu-tools-for-stm32.13.3.rel1.macos64_1.0.0.202411102158/tools/bin/../lib/gcc/arm-none-eabi/13.3.1/thumb/v7e-m+fp/hard/libgcc.a(_dvmd_tls.o)
 .ARM.attributes
                0x00000463       0x22 /Applications/STM32CubeIDE.app/Contents/Eclipse/plugins/com.st.stm32cube.ide.mcu.externaltools.gnu-tools-for-stm32.13.3.rel1.macos64_1.0.0.202411102158/tools/bin/../lib/gcc/arm-none-eabi/13.3.1/thumb/v7e-m+fp/hard/crtn.o
OUTPUT(CODE.elf elf32-littlearm)
LOAD linker stubs
LOAD /Applications/STM32CubeIDE.app/Contents/Eclipse/plugins/com.st.stm32cube.ide.mcu.externaltools.gnu-tools-for-stm32.13.3.rel1.macos64_1.0.0.202411102158/tools/bin/../lib/gcc/arm-none-eabi/13.3.1/../../../../arm-none-eabi/lib/thumb/v7e-m+fp/hard/libc.a
LOAD /Applications/STM32CubeIDE.app/Contents/Eclipse/plugins/com.st.stm32cube.ide.mcu.externaltools.gnu-tools-for-stm32.13.3.rel1.macos64_1.0.0.202411102158/tools/bin/../lib/gcc/arm-none-eabi/13.3.1/../../../../arm-none-eabi/lib/thumb/v7e-m+fp/hard/libm.a
LOAD /Applications/STM32CubeIDE.app/Contents/Eclipse/plugins/com.st.stm32cube.ide.mcu.externaltools.gnu-tools-for-stm32.13.3.rel1.macos64_1.0.0.202411102158/tools/bin/../lib/gcc/arm-none-eabi/13.3.1/thumb/v7e-m+fp/hard/libgcc.a

.debug_info     0x00000000     0xd7fb
 .debug_info    0x00000000      0x834 ./Core/Src/game_task.o
 .debug_info    0x00000834      0x784 ./Core/Src/lcd.o
 .debug_info    0x00000fb8     0x18e5 ./Core/Src/main.o
 .debug_info    0x0000289d      0x21a ./Core/Src/sound_task.o
 .debug_info    0x00002ab7     0x11ba ./Core/Src/stm32f4xx_hal_msp.o
 .debug_info    0x00003c71      0x112 ./Core/Src/stm32f4xx_it.o
 .debug_info    0x00003d83      0x53e ./Core/Src/system_stm32f4xx.o
 .debug_info    0x000042c1       0x30 ./Core/Startup/startup_stm32f411ceux.o
 .debug_info    0x000042f1      0x8c4 ./Drivers/STM32F4xx_HAL_Driver/Src/stm32f4xx_hal.o
 .debug_info    0x00004bb5      0xcd1 ./Drivers/STM32F4xx_HAL_Driver/Src/stm32f4xx_hal_adc.o
 .debug_info    0x00005886      0xcfc ./Drivers/STM32F4xx_HAL_Driver/Src/stm32f4xx_hal_cortex.o
 .debug_info    0x00006582      0x6f9 ./Drivers/STM32F4xx_HAL_Driver/Src/stm32f4xx_hal_gpio.o
 .debug_info    0x00006c7b     0x2426 ./Drivers/STM32F4xx_HAL_Driver/Src/stm32f4xx_hal_i2c.o
 .debug_info    0x000090a1      0x8f0 ./Drivers/STM32F4xx_HAL_Driver/Src/stm32f4xx_hal_rcc.o
 .debug_info    0x00009991     0x2996 ./Drivers/STM32F4xx_HAL_Driver/Src/stm32f4xx_hal_tim.o
 .debug_info    0x0000c327     0x14d4 ./Drivers/STM32F4xx_HAL_Driver/Src/stm32f4xx_hal_tim_ex.o

.debug_abbrev   0x00000000     0x1e9e
 .debug_abbrev  0x00000000      0x19c ./Core/Src/game_task.o
 .debug_abbrev  0x0000019c      0x1eb ./Core/Src/lcd.o
 .debug_abbrev  0x00000387      0x28c ./Core/Src/main.o
 .debug_abbrev  0x00000613       0xd0 ./Core/Src/sound_task.o
 .debug_abbrev  0x000006e3      0x22e ./Core/Src/stm32f4xx_hal_msp.o
 .debug_abbrev  0x00000911       0x73 ./Core/Src/stm32f4xx_it.o
 .debug_abbrev  0x00000984      0x11a ./Core/Src/system_stm32f4xx.o
 .debug_abbrev  0x00000a9e       0x24 ./Core/Startup/startup_stm32f411ceux.o
 .debug_abbrev  0x00000ac2      0x24b ./Drivers/STM32F4xx_HAL_Driver/Src/stm32f4xx_hal.o
 .debug_abbrev  0x00000d0d      0x20e ./Drivers/STM32F4xx_HAL_Driver/Src/stm32f4xx_hal_adc.o
 .debug_abbrev  0x00000f1b      0x31d ./Drivers/STM32F4xx_HAL_Driver/Src/stm32f4xx_hal_cortex.o
 .debug_abbrev  0x00001238      0x1d3 ./Drivers/STM32F4xx_HAL_Driver/Src/stm32f4xx_hal_gpio.o
 .debug_abbrev  0x0000140b      0x2bc ./Drivers/STM32F4xx_HAL_Driver/Src/stm32f4xx_hal_i2c.o
 .debug_abbrev  0x000016c7      0x2b6 ./Drivers/STM32F4xx_HAL_Driver/Src/stm32f4xx_hal_rcc.o
 .debug_abbrev  0x0000197d      0x28b ./Drivers/STM32F4xx_HAL_Driver/Src/stm32f4xx_hal_tim.o
 .debug_abbrev  0x00001c08      0x296 ./Drivers/STM32F4xx_HAL_Driver/Src/stm32f4xx_hal_tim_ex.o

.debug_aranges  0x00000000      0xe30
 .debug_aranges
                0x00000000       0x40 ./Core/Src/game_task.o
 .debug_aranges
                0x00000040       0x50 ./Core/Src/lcd.o
 .debug_aranges
                0x00000090       0x70 ./Core/Src/main.o
 .debug_aranges
                0x00000100       0x50 ./Core/Src/sound_task.o
 .debug_aranges
                0x00000150       0x68 ./Core/Src/stm32f4xx_hal_msp.o
 .debug_aranges
                0x000001b8       0x60 ./Core/Src/stm32f4xx_it.o
 .debug_aranges
                0x00000218       0x28 ./Core/Src/system_stm32f4xx.o
 .debug_aranges
                0x00000240       0x28 ./Core/Startup/startup_stm32f411ceux.o
 .debug_aranges
                0x00000268       0xf0 ./Drivers/STM32F4xx_HAL_Driver/Src/stm32f4xx_hal.o
 .debug_aranges
                0x00000358       0xe8 ./Drivers/STM32F4xx_HAL_Driver/Src/stm32f4xx_hal_adc.o
 .debug_aranges
                0x00000440      0x130 ./Drivers/STM32F4xx_HAL_Driver/Src/stm32f4xx_hal_cortex.o
 .debug_aranges
                0x00000570       0x58 ./Drivers/STM32F4xx_HAL_Driver/Src/stm32f4xx_hal_gpio.o
 .debug_aranges
                0x000005c8      0x2a8 ./Drivers/STM32F4xx_HAL_Driver/Src/stm32f4xx_hal_i2c.o
 .debug_aranges
                0x00000870       0x88 ./Drivers/STM32F4xx_HAL_Driver/Src/stm32f4xx_hal_rcc.o
 .debug_aranges
                0x000008f8      0x3d0 ./Drivers/STM32F4xx_HAL_Driver/Src/stm32f4xx_hal_tim.o
 .debug_aranges
                0x00000cc8      0x168 ./Drivers/STM32F4xx_HAL_Driver/Src/stm32f4xx_hal_tim_ex.o

.debug_rnglists
                0x00000000      0xb18
 .debug_rnglists
                0x00000000       0x2b ./Core/Src/game_task.o
 .debug_rnglists
                0x0000002b       0x37 ./Core/Src/lcd.o
 .debug_rnglists
                0x00000062       0x57 ./Core/Src/main.o
 .debug_rnglists
                0x000000b9       0x37 ./Core/Src/sound_task.o
 .debug_rnglists
                0x000000f0       0x4e ./Core/Src/stm32f4xx_hal_msp.o
 .debug_rnglists
                0x0000013e       0x43 ./Core/Src/stm32f4xx_it.o
 .debug_rnglists
                0x00000181       0x1a ./Core/Src/system_stm32f4xx.o
 .debug_rnglists
                0x0000019b       0x19 ./Core/Startup/startup_stm32f411ceux.o
 .debug_rnglists
                0x000001b4       0xaf ./Drivers/STM32F4xx_HAL_Driver/Src/stm32f4xx_hal.o
 .debug_rnglists
                0x00000263       0xb5 ./Drivers/STM32F4xx_HAL_Driver/Src/stm32f4xx_hal_adc.o
 .debug_rnglists
                0x00000318       0xe0 ./Drivers/STM32F4xx_HAL_Driver/Src/stm32f4xx_hal_cortex.o
 .debug_rnglists
                0x000003f8       0x3f ./Drivers/STM32F4xx_HAL_Driver/Src/stm32f4xx_hal_gpio.o
 .debug_rnglists
                0x00000437      0x23c ./Drivers/STM32F4xx_HAL_Driver/Src/stm32f4xx_hal_i2c.o
 .debug_rnglists
                0x00000673       0x66 ./Drivers/STM32F4xx_HAL_Driver/Src/stm32f4xx_hal_rcc.o
 .debug_rnglists
                0x000006d9      0x31a ./Drivers/STM32F4xx_HAL_Driver/Src/stm32f4xx_hal_tim.o
 .debug_rnglists
                0x000009f3      0x125 ./Drivers/STM32F4xx_HAL_Driver/Src/stm32f4xx_hal_tim_ex.o

.debug_macro    0x00000000    0x16f45
 .debug_macro   0x00000000      0x223 ./Core/Src/game_task.o
 .debug_macro   0x00000223      0xad8 ./Core/Src/game_task.o
 .debug_macro   0x00000cfb       0x22 ./Core/Src/game_task.o
 .debug_macro   0x00000d1d       0x8e ./Core/Src/game_task.o
 .debug_macro   0x00000dab       0x51 ./Core/Src/game_task.o
 .debug_macro   0x00000dfc      0x103 ./Core/Src/game_task.o
 .debug_macro   0x00000eff       0x6a ./Core/Src/game_task.o
 .debug_macro   0x00000f69      0x1df ./Core/Src/game_task.o
 .debug_macro   0x00001148      0x2a1 ./Core/Src/game_task.o
 .debug_macro   0x000013e9       0x2e ./Core/Src/game_task.o
 .debug_macro   0x00001417       0x28 ./Core/Src/game_task.o
 .debug_macro   0x0000143f       0x1c ./Core/Src/game_task.o
 .debug_macro   0x0000145b       0x22 ./Core/Src/game_task.o
 .debug_macro   0x0000147d       0xfb ./Core/Src/game_task.o
 .debug_macro   0x00001578     0x1011 ./Core/Src/game_task.o
 .debug_macro   0x00002589      0x11f ./Core/Src/game_task.o
 .debug_macro   0x000026a8     0xb953 ./Core/Src/game_task.o
 .debug_macro   0x0000dffb       0x6d ./Core/Src/game_task.o
 .debug_macro   0x0000e068     0x369a ./Core/Src/game_task.o
 .debug_macro   0x00011702      0x190 ./Core/Src/game_task.o
 .debug_macro   0x00011892       0x5c ./Core/Src/game_task.o
 .debug_macro   0x000118ee      0x45c ./Core/Src/game_task.o
 .debug_macro   0x00011d4a      0x9e9 ./Core/Src/game_task.o
 .debug_macro   0x00012733      0x115 ./Core/Src/game_task.o
 .debug_macro   0x00012848      0x11b ./Core/Src/game_task.o
 .debug_macro   0x00012963       0xa5 ./Core/Src/game_task.o
 .debug_macro   0x00012a08      0x15f ./Core/Src/game_task.o
 .debug_macro   0x00012b67      0x287 ./Core/Src/game_task.o
 .debug_macro   0x00012dee       0x5f ./Core/Src/game_task.o
 .debug_macro   0x00012e4d      0x236 ./Core/Src/game_task.o
 .debug_macro   0x00013083      0x9e1 ./Core/Src/game_task.o
 .debug_macro   0x00013a64      0x38b ./Core/Src/game_task.o
 .debug_macro   0x00013def      0x17d ./Core/Src/game_task.o
 .debug_macro   0x00013f6c       0xf9 ./Core/Src/game_task.o
 .debug_macro   0x00014065      0x132 ./Core/Src/game_task.o
 .debug_macro   0x00014197      0x264 ./Core/Src/game_task.o
 .debug_macro   0x000143fb       0x2e ./Core/Src/game_task.o
 .debug_macro   0x00014429      0x1b5 ./Core/Src/game_task.o
 .debug_macro   0x000145de       0x22 ./Core/Src/game_task.o
 .debug_macro   0x00014600       0xd6 ./Core/Src/game_task.o
 .debug_macro   0x000146d6      0x127 ./Core/Src/game_task.o
 .debug_macro   0x000147fd       0x85 ./Core/Src/game_task.o
 .debug_macro   0x00014882       0x89 ./Core/Src/game_task.o
 .debug_macro   0x0001490b      0x8ed ./Core/Src/game_task.o
 .debug_macro   0x000151f8       0x47 ./Core/Src/game_task.o
 .debug_macro   0x0001523f      0x126 ./Core/Src/game_task.o
 .debug_macro   0x00015365      0x221 ./Core/Src/lcd.o
 .debug_macro   0x00015586      0x223 ./Core/Src/main.o
 .debug_macro   0x000157a9       0x6d ./Core/Src/sound_task.o
 .debug_macro   0x00015816      0x20f ./Core/Src/stm32f4xx_hal_msp.o
 .debug_macro   0x00015a25      0x219 ./Core/Src/stm32f4xx_it.o
 .debug_macro   0x00015c3e      0x205 ./Core/Src/system_stm32f4xx.o
 .debug_macro   0x00015e43      0x265 ./Drivers/STM32F4xx_HAL_Driver/Src/stm32f4xx_hal.o
 .debug_macro   0x000160a8      0x206 ./Drivers/STM32F4xx_HAL_Driver/Src/stm32f4xx_hal_adc.o
 .debug_macro   0x000162ae      0x205 ./Drivers/STM32F4xx_HAL_Driver/Src/stm32f4xx_hal_cortex.o
 .debug_macro   0x000164b3      0x20b ./Drivers/STM32F4xx_HAL_Driver/Src/stm32f4xx_hal_gpio.o
 .debug_macro   0x000166be      0x253 ./Drivers/STM32F4xx_HAL_Driver/Src/stm32f4xx_hal_i2c.o
 .debug_macro   0x00016911      0x229 ./Drivers/STM32F4xx_HAL_Driver/Src/stm32f4xx_hal_rcc.o
 .debug_macro   0x00016b3a      0x206 ./Drivers/STM32F4xx_HAL_Driver/Src/stm32f4xx_hal_tim.o
 .debug_macro   0x00016d40      0x205 ./Drivers/STM32F4xx_HAL_Driver/Src/stm32f4xx_hal_tim_ex.o

.debug_line     0x00000000    0x104b9
 .debug_line    0x00000000      0x80c ./Core/Src/game_task.o
 .debug_line    0x0000080c      0x7ef ./Core/Src/lcd.o
 .debug_line    0x00000ffb      0xb2c ./Core/Src/main.o
 .debug_line    0x00001b27      0x48e ./Core/Src/sound_task.o
 .debug_line    0x00001fb5      0x937 ./Core/Src/stm32f4xx_hal_msp.o
 .debug_line    0x000028ec      0x7ea ./Core/Src/stm32f4xx_it.o
 .debug_line    0x000030d6      0x7c0 ./Core/Src/system_stm32f4xx.o
 .debug_line    0x00003896       0x7a ./Core/Startup/startup_stm32f411ceux.o
 .debug_line    0x00003910      0xa2d ./Drivers/STM32F4xx_HAL_Driver/Src/stm32f4xx_hal.o
 .debug_line    0x0000433d     0x1181 ./Drivers/STM32F4xx_HAL_Driver/Src/stm32f4xx_hal_adc.o
 .debug_line    0x000054be      0xcfd ./Drivers/STM32F4xx_HAL_Driver/Src/stm32f4xx_hal_cortex.o
 .debug_line    0x000061bb      0xb49 ./Drivers/STM32F4xx_HAL_Driver/Src/stm32f4xx_hal_gpio.o
 .debug_line    0x00006d04     0x3adf ./Drivers/STM32F4xx_HAL_Driver/Src/stm32f4xx_hal_i2c.o
 .debug_line    0x0000a7e3      0xe3a ./Drivers/STM32F4xx_HAL_Driver/Src/stm32f4xx_hal_rcc.o
 .debug_line    0x0000b61d     0x3574 ./Drivers/STM32F4xx_HAL_Driver/Src/stm32f4xx_hal_tim.o
 .debug_line    0x0000eb91     0x1928 ./Drivers/STM32F4xx_HAL_Driver/Src/stm32f4xx_hal_tim_ex.o

.debug_str      0x00000000    0x965b8
 .debug_str     0x00000000    0x965b8 ./Core/Src/game_task.o
                              0x92a22 (size before relaxing)
 .debug_str     0x000965b8    0x929b8 ./Core/Src/lcd.o
 .debug_str     0x000965b8    0x935dc ./Core/Src/main.o
 .debug_str     0x000965b8     0x3eb4 ./Core/Src/sound_task.o
 .debug_str     0x000965b8    0x92f97 ./Core/Src/stm32f4xx_hal_msp.o
 .debug_str     0x000965b8    0x9245b ./Core/Src/stm32f4xx_it.o
 .debug_str     0x000965b8    0x92597 ./Core/Src/system_stm32f4xx.o
 .debug_str     0x000965b8       0x7c ./Core/Startup/startup_stm32f411ceux.o
 .debug_str     0x000965b8    0x92fc3 ./Drivers/STM32F4xx_HAL_Driver/Src/stm32f4xx_hal.o
 .debug_str     0x000965b8    0x92b72 ./Drivers/STM32F4xx_HAL_Driver/Src/stm32f4xx_hal_adc.o
 .debug_str     0x000965b8    0x92d2d ./Drivers/STM32F4xx_HAL_Driver/Src/stm32f4xx_hal_cortex.o
 .debug_str     0x000965b8    0x92712 ./Drivers/STM32F4xx_HAL_Driver/Src/stm32f4xx_hal_gpio.o
 .debug_str     0x000965b8    0x935a8 ./Drivers/STM32F4xx_HAL_Driver/Src/stm32f4xx_hal_i2c.o
 .debug_str     0x000965b8    0x929cb ./Drivers/STM32F4xx_HAL_Driver/Src/stm32f4xx_hal_rcc.o
 .debug_str     0x000965b8    0x9390f ./Drivers/STM32F4xx_HAL_Driver/Src/stm32f4xx_hal_tim.o
 .debug_str     0x000965b8    0x9311b ./Drivers/STM32F4xx_HAL_Driver/Src/stm32f4xx_hal_tim_ex.o

.comment        0x00000000       0x43
 .comment       0x00000000       0x43 ./Core/Src/game_task.o
                                 0x44 (size before relaxing)
 .comment       0x00000043       0x44 ./Core/Src/lcd.o
 .comment       0x00000043       0x44 ./Core/Src/main.o
 .comment       0x00000043       0x44 ./Core/Src/sound_task.o
 .comment       0x00000043       0x44 ./Core/Src/stm32f4xx_hal_msp.o
 .comment       0x00000043       0x44 ./Core/Src/stm32f4xx_it.o
 .comment       0x00000043       0x44 ./Core/Src/system_stm32f4xx.o
 .comment       0x00000043       0x44 ./Drivers/STM32F4xx_HAL_Driver/Src/stm32f4xx_hal.o
 .comment       0x00000043       0x44 ./Drivers/STM32F4xx_HAL_Driver/Src/stm32f4xx_hal_adc.o
 .comment       0x00000043       0x44 ./Drivers/STM32F4xx_HAL_Driver/Src/stm32f4xx_hal_cortex.o
 .comment       0x00000043       0x44 ./Drivers/STM32F4xx_HAL_Driver/Src/stm32f4xx_hal_gpio.o
 .comment       0x00000043       0x44 ./Drivers/STM32F4xx_HAL_Driver/Src/stm32f4xx_hal_i2c.o
 .comment       0x00000043       0x44 ./Drivers/STM32F4xx_HAL_Driver/Src/stm32f4xx_hal_rcc.o
 .comment       0x00000043       0x44 ./Drivers/STM32F4xx_HAL_Driver/Src/stm32f4xx_hal_tim.o
 .comment       0x00000043       0x44 ./Drivers/STM32F4xx_HAL_Driver/Src/stm32f4xx_hal_tim_ex.o

.debug_frame    0x00000000     0x3c28
 .debug_frame   0x00000000       0xc8 ./Core/Src/game_task.o
 .debug_frame   0x000000c8      0x104 ./Core/Src/lcd.o
 .debug_frame   0x000001cc      0x180 ./Core/Src/main.o
 .debug_frame   0x0000034c      0x124 ./Core/Src/sound_task.o
 .debug_frame   0x00000470      0x184 ./Core/Src/stm32f4xx_hal_msp.o
 .debug_frame   0x000005f4      0x104 ./Core/Src/stm32f4xx_it.o
 .debug_frame   0x000006f8       0x58 ./Core/Src/system_stm32f4xx.o
 .debug_frame   0x00000750      0x374 ./Drivers/STM32F4xx_HAL_Driver/Src/stm32f4xx_hal.o
 .debug_frame   0x00000ac4      0x3fc ./Drivers/STM32F4xx_HAL_Driver/Src/stm32f4xx_hal_adc.o
 .debug_frame   0x00000ec0      0x508 ./Drivers/STM32F4xx_HAL_Driver/Src/stm32f4xx_hal_cortex.o
 .debug_frame   0x000013c8      0x14c ./Drivers/STM32F4xx_HAL_Driver/Src/stm32f4xx_hal_gpio.o
 .debug_frame   0x00001514      0xc84 ./Drivers/STM32F4xx_HAL_Driver/Src/stm32f4xx_hal_i2c.o
 .debug_frame   0x00002198      0x1f4 ./Drivers/STM32F4xx_HAL_Driver/Src/stm32f4xx_hal_rcc.o
 .debug_frame   0x0000238c     0x11b8 ./Drivers/STM32F4xx_HAL_Driver/Src/stm32f4xx_hal_tim.o
 .debug_frame   0x00003544      0x638 ./Drivers/STM32F4xx_HAL_Driver/Src/stm32f4xx_hal_tim_ex.o
 .debug_frame   0x00003b7c       0x20 /Applications/STM32CubeIDE.app/Contents/Eclipse/plugins/com.st.stm32cube.ide.mcu.externaltools.gnu-tools-for-stm32.13.3.rel1.macos64_1.0.0.202411102158/tools/bin/../lib/gcc/arm-none-eabi/13.3.1/../../../../arm-none-eabi/lib/thumb/v7e-m+fp/hard/libc_nano.a(libc_a-memset.o)
 .debug_frame   0x00003b9c       0x2c /Applications/STM32CubeIDE.app/Contents/Eclipse/plugins/com.st.stm32cube.ide.mcu.externaltools.gnu-tools-for-stm32.13.3.rel1.macos64_1.0.0.202411102158/tools/bin/../lib/gcc/arm-none-eabi/13.3.1/../../../../arm-none-eabi/lib/thumb/v7e-m+fp/hard/libc_nano.a(libc_a-init.o)
 .debug_frame   0x00003bc8       0x2c /Applications/STM32CubeIDE.app/Contents/Eclipse/plugins/com.st.stm32cube.ide.mcu.externaltools.gnu-tools-for-stm32.13.3.rel1.macos64_1.0.0.202411102158/tools/bin/../lib/gcc/arm-none-eabi/13.3.1/thumb/v7e-m+fp/hard/libgcc.a(_aeabi_uldivmod.o)
 .debug_frame   0x00003bf4       0x34 /Applications/STM32CubeIDE.app/Contents/Eclipse/plugins/com.st.stm32cube.ide.mcu.externaltools.gnu-tools-for-stm32.13.3.rel1.macos64_1.0.0.202411102158/tools/bin/../lib/gcc/arm-none-eabi/13.3.1/thumb/v7e-m+fp/hard/libgcc.a(_udivmoddi4.o)

.debug_line_str
                0x00000000       0x60
 .debug_line_str
                0x00000000       0x60 ./Core/Startup/startup_stm32f411ceux.o
