Archive member included to satisfy reference by file (symbol)

/Applications/STM32CubeIDE.app/Contents/Eclipse/plugins/com.st.stm32cube.ide.mcu.externaltools.gnu-tools-for-stm32.13.3.rel1.macos64_1.0.0.202411102158/tools/bin/../lib/gcc/arm-none-eabi/13.3.1/../../../../arm-none-eabi/lib/thumb/v7e-m+fp/hard/libc_nano.a(libc_a-exit.o)
                              /Applications/STM32CubeIDE.app/Contents/Eclipse/plugins/com.st.stm32cube.ide.mcu.externaltools.gnu-tools-for-stm32.13.3.rel1.macos64_1.0.0.202411102158/tools/bin/../lib/gcc/arm-none-eabi/13.3.1/../../../../arm-none-eabi/lib/thumb/v7e-m+fp/hard/crt0.o (exit)
/Applications/STM32CubeIDE.app/Contents/Eclipse/plugins/com.st.stm32cube.ide.mcu.externaltools.gnu-tools-for-stm32.13.3.rel1.macos64_1.0.0.202411102158/tools/bin/../lib/gcc/arm-none-eabi/13.3.1/../../../../arm-none-eabi/lib/thumb/v7e-m+fp/hard/libc_nano.a(libc_a-findfp.o)
                              /Applications/STM32CubeIDE.app/Contents/Eclipse/plugins/com.st.stm32cube.ide.mcu.externaltools.gnu-tools-for-stm32.13.3.rel1.macos64_1.0.0.202411102158/tools/bin/../lib/gcc/arm-none-eabi/13.3.1/../../../../arm-none-eabi/lib/thumb/v7e-m+fp/hard/libc_nano.a(libc_a-exit.o) (__stdio_exit_handler)
/Applications/STM32CubeIDE.app/Contents/Eclipse/plugins/com.st.stm32cube.ide.mcu.externaltools.gnu-tools-for-stm32.13.3.rel1.macos64_1.0.0.202411102158/tools/bin/../lib/gcc/arm-none-eabi/13.3.1/../../../../arm-none-eabi/lib/thumb/v7e-m+fp/hard/libc_nano.a(libc_a-fwalk.o)
                              /Applications/STM32CubeIDE.app/Contents/Eclipse/plugins/com.st.stm32cube.ide.mcu.externaltools.gnu-tools-for-stm32.13.3.rel1.macos64_1.0.0.202411102158/tools/bin/../lib/gcc/arm-none-eabi/13.3.1/../../../../arm-none-eabi/lib/thumb/v7e-m+fp/hard/libc_nano.a(libc_a-findfp.o) (_fwalk_sglue)
/Applications/STM32CubeIDE.app/Contents/Eclipse/plugins/com.st.stm32cube.ide.mcu.externaltools.gnu-tools-for-stm32.13.3.rel1.macos64_1.0.0.202411102158/tools/bin/../lib/gcc/arm-none-eabi/13.3.1/../../../../arm-none-eabi/lib/thumb/v7e-m+fp/hard/libc_nano.a(libc_a-memset.o)
                              /Applications/STM32CubeIDE.app/Contents/Eclipse/plugins/com.st.stm32cube.ide.mcu.externaltools.gnu-tools-for-stm32.13.3.rel1.macos64_1.0.0.202411102158/tools/bin/../lib/gcc/arm-none-eabi/13.3.1/../../../../arm-none-eabi/lib/thumb/v7e-m+fp/hard/crt0.o (memset)
/Applications/STM32CubeIDE.app/Contents/Eclipse/plugins/com.st.stm32cube.ide.mcu.externaltools.gnu-tools-for-stm32.13.3.rel1.macos64_1.0.0.202411102158/tools/bin/../lib/gcc/arm-none-eabi/13.3.1/../../../../arm-none-eabi/lib/thumb/v7e-m+fp/hard/libc_nano.a(libc_a-errno.o)
                              ./Core/Src/syscalls.o (__errno)
/Applications/STM32CubeIDE.app/Contents/Eclipse/plugins/com.st.stm32cube.ide.mcu.externaltools.gnu-tools-for-stm32.13.3.rel1.macos64_1.0.0.202411102158/tools/bin/../lib/gcc/arm-none-eabi/13.3.1/../../../../arm-none-eabi/lib/thumb/v7e-m+fp/hard/libc_nano.a(libc_a-init.o)
                              /Applications/STM32CubeIDE.app/Contents/Eclipse/plugins/com.st.stm32cube.ide.mcu.externaltools.gnu-tools-for-stm32.13.3.rel1.macos64_1.0.0.202411102158/tools/bin/../lib/gcc/arm-none-eabi/13.3.1/../../../../arm-none-eabi/lib/thumb/v7e-m+fp/hard/crt0.o (__libc_init_array)
/Applications/STM32CubeIDE.app/Contents/Eclipse/plugins/com.st.stm32cube.ide.mcu.externaltools.gnu-tools-for-stm32.13.3.rel1.macos64_1.0.0.202411102158/tools/bin/../lib/gcc/arm-none-eabi/13.3.1/../../../../arm-none-eabi/lib/thumb/v7e-m+fp/hard/libc_nano.a(libc_a-lock.o)
                              /Applications/STM32CubeIDE.app/Contents/Eclipse/plugins/com.st.stm32cube.ide.mcu.externaltools.gnu-tools-for-stm32.13.3.rel1.macos64_1.0.0.202411102158/tools/bin/../lib/gcc/arm-none-eabi/13.3.1/../../../../arm-none-eabi/lib/thumb/v7e-m+fp/hard/libc_nano.a(libc_a-findfp.o) (__retarget_lock_init_recursive)
/Applications/STM32CubeIDE.app/Contents/Eclipse/plugins/com.st.stm32cube.ide.mcu.externaltools.gnu-tools-for-stm32.13.3.rel1.macos64_1.0.0.202411102158/tools/bin/../lib/gcc/arm-none-eabi/13.3.1/../../../../arm-none-eabi/lib/thumb/v7e-m+fp/hard/libc_nano.a(libc_a-impure.o)
                              /Applications/STM32CubeIDE.app/Contents/Eclipse/plugins/com.st.stm32cube.ide.mcu.externaltools.gnu-tools-for-stm32.13.3.rel1.macos64_1.0.0.202411102158/tools/bin/../lib/gcc/arm-none-eabi/13.3.1/../../../../arm-none-eabi/lib/thumb/v7e-m+fp/hard/libc_nano.a(libc_a-errno.o) (_impure_ptr)
/Applications/STM32CubeIDE.app/Contents/Eclipse/plugins/com.st.stm32cube.ide.mcu.externaltools.gnu-tools-for-stm32.13.3.rel1.macos64_1.0.0.202411102158/tools/bin/../lib/gcc/arm-none-eabi/13.3.1/../../../../arm-none-eabi/lib/thumb/v7e-m+fp/hard/libc_nano.a(libc_a-mallocr.o)
[...]
Memory Configuration

Name             Origin             Length             Attributes
RAM              0x20000000         0x00020000         xrw
FLASH            0x08000000         0x00080000         xr
*default*        0x00000000         0xffffffff

Linker script and memory map

LOAD /Applications/STM32CubeIDE.app/Contents/Eclipse/plugins/com.st.stm32cube.ide.mcu.externaltools.gnu-tools-for-stm32.13.3.rel1.macos64_1.0.0.202411102158/tools/bin/../lib/gcc/arm-none-eabi/13.3.1/thumb/v7e-m+fp/hard/crti.o
LOAD /Applications/STM32CubeIDE.app/Contents/Eclipse/plugins/com.st.stm32cube.ide.mcu.externaltools.gnu-tools-for-stm32.13.3.rel1.macos64_1.0.0.202411102158/tools/bin/../lib/gcc/arm-none-eabi/13.3.1/thumb/v7e-m+fp/hard/crtbegin.o
LOAD /Applications/STM32CubeIDE.app/Contents/Eclipse/plugins/com.st.stm32cube.ide.mcu.externaltools.gnu-tools-for-stm32.13.3.rel1.macos64_1.0.0.202411102158/tools/bin/../lib/gcc/arm-none-eabi/13.3.1/../../../../arm-none-eabi/lib/thumb/v7e-m+fp/hard/crt0.o
LOAD ./Core/Src/adc_task.o
LOAD ./Core/Src/controller_task.o
LOAD ./Core/Src/game_task.o
LOAD ./Core/Src/lcd.o
LOAD ./Core/Src/main.o
LOAD ./Core/Src/motor_driver.o
LOAD ./Core/Src/photoresistor_task.o
LOAD ./Core/Src/shoot_task.o
LOAD ./Core/Src/sound_task.o
LOAD ./Core/Src/stm32f4xx_hal_msp.o
LOAD ./Core/Src/stm32f4xx_it.o
LOAD ./Core/Src/syscalls.o
LOAD ./Core/Src/sysmem.o
LOAD ./Core/Src/system_stm32f4xx.o
LOAD ./Core/Startup/startup_stm32f411ceux.o
LOAD ./Drivers/STM32F4xx_HAL_Driver/Src/stm32f4xx_hal.o
LOAD ./Drivers/STM32F4xx_HAL_Driver/Src/stm32f4xx_hal_adc.o
LOAD ./Drivers/STM32F4xx_HAL_Driver/Src/stm32f4xx_hal_adc_ex.o
LOAD ./Drivers/STM32F4xx_HAL_Driver/Src/stm32f4xx_hal_cortex.o
LOAD ./Drivers/STM32F4xx_HAL_Driver/Src/stm32f4xx_hal_dma.o
LOAD ./Drivers/STM32F4xx_HAL_Driver/Src/stm32f4xx_hal_dma_ex.o
LOAD ./Drivers/STM32F4xx_HAL_Driver/Src/stm32f4xx_hal_exti.o
LOAD ./Drivers/STM32F4xx_HAL_Driver/Src/stm32f4xx_hal_flash.o
LOAD ./Drivers/STM32F4xx_HAL_Driver/Src/stm32f4xx_hal_flash_ex.o
LOAD ./Drivers/STM32F4xx_HAL_Driver/Src/stm32f4xx_hal_flash_ramfunc.o
LOAD ./Drivers/STM32F4xx_HAL_Driver/Src/stm32f4xx_hal_gpio.o
LOAD ./Drivers/STM32F4xx_HAL_Driver/Src/stm32f4xx_hal_i2c.o
LOAD ./Drivers/STM32F4xx_HAL_Driver/Src/stm32f4xx_hal_i2c_ex.o
LOAD ./Drivers/STM32F4xx_HAL_Driver/Src/stm32f4xx_hal_pwr.o
LOAD ./Drivers/STM32F4xx_HAL_Driver/Src/stm32f4xx_hal_pwr_ex.o
LOAD ./Drivers/STM32F4xx_HAL_Driver/Src/stm32f4xx_hal_rcc.o
LOAD ./Drivers/STM32F4xx_HAL_Driver/Src/stm32f4xx_hal_rcc_ex.o
LOAD ./Drivers/STM32F4xx_HAL_Driver/Src/stm32f4xx_hal_tim.o
LOAD ./Drivers/STM32F4xx_HAL_Driver/Src/stm32f4xx_hal_tim_ex.o
LOAD ./Drivers/STM32F4xx_HAL_Driver/Src/stm32f4xx_ll_adc.o
START GROUP
LOAD /Applications/STM32CubeIDE.app/Contents/Eclipse/plugins/com.st.stm32cube.ide.mcu.externaltools.gnu-tools-for-stm32.13.3.rel1.macos64_1.0.0.202411102158/tools/bin/../lib/gcc/arm-none-eabi/13.3.1/../../../../arm-none-eabi/lib/thumb/v7e-m+fp/hard/libc_nano.a
LOAD /Applications/STM32CubeIDE.app/Contents/Eclipse/plugins/com.st.stm32cube.ide.mcu.externaltools.gnu-tools-for-stm32.13.3.rel1.macos64_1.0.0.202411102158/tools/bin/../lib/gcc/arm-none-eabi/13.3.1/../../../../arm-none-eabi/lib/thumb/v7e-m+fp/hard/libm.a
END GROUP
START GROUP
LOAD /Applications/STM32CubeIDE.app/Contents/Eclipse/plugins/com.st.stm32cube.ide.mcu.externaltools.gnu-tools-for-stm32.13.3.rel1.macos64_1.0.0.202411102158/tools/bin/../lib/gcc/arm-none-eabi/13.3.1/thumb/v7e-m+fp/hard/libgcc.a
LOAD /Applications/STM32CubeIDE.app/Contents/Eclipse/plugins/com.st.stm32cube.ide.mcu.externaltools.gnu-tools-for-stm32.13.3.rel1.macos64_1.0.0.202411102158/tools/bin/../lib/gcc/arm-none-eabi/13.3.1/../../../../arm-none-eabi/lib/thumb/v7e-m+fp/hard/libc_nano.a
END GROUP
START GROUP
LOAD /Applications/STM32CubeIDE.app/Contents/Eclipse/plugins/com.st.stm32cube.ide.mcu.externaltools.gnu-tools-for-stm32.13.3.rel1.macos64_1.0.0.202411102158/tools/bin/../lib/gcc/arm-none-eabi/13.3.1/thumb/v7e-m+fp/hard/libgcc.a
LOAD /Applications/STM32CubeIDE.app/Contents/Eclipse/plugins/com.st.stm32cube.ide.mcu.externaltools.gnu-tools-for-stm32.13.3.rel1.macos64_1.0.0.202411102158/tools/bin/../lib/gcc/arm-none-eabi/13.3.1/../../../../arm-none-eabi/lib/thumb/v7e-m+fp/hard/libc_nano.a
LOAD /Applications/STM32CubeIDE.app/Contents/Eclipse/plugins/com.st.stm32cube.ide.mcu.externaltools.gnu-tools-for-stm32.13.3.rel1.macos64_1.0.0.202411102158/tools/bin/../lib/gcc/arm-none-eabi/13.3.1/../../../../arm-none-eabi/lib/thumb/v7e-m+fp/hard/libnosys.a
END GROUP
START GROUP
LOAD /Applications/STM32CubeIDE.app/Contents/Eclipse/plugins/com.st.stm32cube.ide.mcu.externaltools.gnu-tools-for-stm32.13.3.rel1.macos64_1.0.0.202411102158/tools/bin/../lib/gcc/arm-none-eabi/13.3.1/thumb/v7e-m+fp/hard/libgcc.a
LOAD /Applications/STM32CubeIDE.app/Contents/Eclipse/plugins/com.st.stm32cube.ide.mcu.externaltools.gnu-tools-for-stm32.13.3.rel1.macos64_1.0.0.202411102158/tools/bin/../lib/gcc/arm-none-eabi/13.3.1/../../../../arm-none-eabi/lib/thumb/v7e-m+fp/hard/libc_nano.a
LOAD /Applications/STM32CubeIDE.app/Contents/Eclipse/plugins/com.st.stm32cube.ide.mcu.externaltools.gnu-tools-for-stm32.13.3.rel1.macos64_1.0.0.202411102158/tools/bin/../lib/gcc/arm-none-eabi/13.3.1/../../../../arm-none-eabi/lib/thumb/v7e-m+fp/hard/libnosys.a
END GROUP
LOAD /Applications/STM32CubeIDE.app/Contents/Eclipse/plugins/com.st.stm32cube.ide.mcu.externaltools.gnu-tools-for-stm32.13.3.rel1.macos64_1.0.0.202411102158/tools/bin/../lib/gcc/arm-none-eabi/13.3.1/thumb/v7e-m+fp/hard/crtend.o
LOAD /Applications/STM32CubeIDE.app/Contents/Eclipse/plugins/com.st.stm32cube.ide.mcu.externaltools.gnu-tools-for-stm32.13.3.rel1.macos64_1.0.0.202411102158/tools/bin/../lib/gcc/arm-none-eabi/13.3.1/thumb/v7e-m+fp/hard/crtn.o
                0x20020000                        _estack = (ORIGIN (RAM) + LENGTH (RAM))
                0x00000200                        _Min_Heap_Size = 0x200
                0x00000400                        _Min_Stack_Size = 0x400

.isr_vector     0x08000000      0x198
                0x08000000                        . = ALIGN (0x4)
 *(.isr_vector)
 .isr_vector    0x08000000      0x198 ./Core/Startup/startup_stm32f411ceux.o
                0x08000000                g_pfnVectors
                0x08000198                        . = ALIGN (0x4)

.text           0x08000198     0x4ba0
                0x08000198                        . = ALIGN (0x4)
 *(.text)
 .text          0x08000198       0x40 /Applications/STM32CubeIDE.app/Contents/Eclipse/plugins/com.st.stm32cube.ide.mcu.externaltools.gnu-tools-for-stm32.13.3.rel1.macos64_1.0.0.202411102158/tools/bin/../lib/gcc/arm-none-eabi/13.3.1/thumb/v7e-m+fp/hard/crtbegin.o
 .text          0x080001d8       0x30 /Applications/STM32CubeIDE.app/Contents/Eclipse/plugins/com.st.stm32cube.ide.mcu.externaltools.gnu-tools-for-stm32.13.3.rel1.macos64_1.0.0.202411102158/tools/bin/../lib/gcc/arm-none-eabi/13.3.1/thumb/v7e-m+fp/hard/libgcc.a(_aeabi_uldivmod.o)
                0x080001d8                __aeabi_uldivmod
 .text          0x08000208      0x2f8 /Applications/STM32CubeIDE.app/Contents/Eclipse/plugins/com.st.stm32cube.ide.mcu.externaltools.gnu-tools-for-stm32.13.3.rel1.macos64_1.0.0.202411102158/tools/bin/../lib/gcc/arm-none-eabi/13.3.1/thumb/v7e-m+fp/hard/libgcc.a(_udivmoddi4.o)
                0x08000208                __udivmoddi4
 .text          0x08000500        0x4 /Applications/STM32CubeIDE.app/Contents/Eclipse/plugins/com.st.stm32cube.ide.mcu.externaltools.gnu-tools-for-stm32.13.3.rel1.macos64_1.0.0.202411102158/tools/bin/../lib/gcc/arm-none-eabi/13.3.1/thumb/v7e-m+fp/hard/libgcc.a(_dvmd_tls.o)
                0x08000500                __aeabi_ldiv0
                0x08000500                __aeabi_idiv0
 *(.text*)
 .text.adc_task_run
                0x08000504       0x38 ./Core/Src/adc_task.o
                0x08000504                adc_task_run
 .text.adc_task_state_0_init
                0x0800053c       0x1a ./Core/Src/adc_task.o
                0x0800053c                adc_task_state_0_init
 .text.adc_task_state_1_read
                0x08000556       0x6c ./Core/Src/adc_task.o
                0x08000556                adc_task_state_1_read
 .text.read_adc_channels_scan_mode
                0x080005c2       0x58 ./Core/Src/controller_task.o
                0x080005c2                read_adc_channels_scan_mode
 .text.controller_task_state_0_init
                0x0800061a       0x66 ./Core/Src/controller_task.o
                0x0800061a                controller_task_state_0_init
 .text.controller_task_state_1_calc_vel
                0x08000680      0x224 ./Core/Src/controller_task.o
                0x08000680                controller_task_state_1_calc_vel
 .text.game_task_run
                0x080008a4       0x38 ./Core/Src/game_task.o
                0x080008a4                game_task_run
 .text.game_task_state_0_init
                0x080008dc       0x20 ./Core/Src/game_task.o
                0x080008dc                game_task_state_0_init
 .text.game_task_state_1_home
                0x080008fc       0x44 ./Core/Src/game_task.o
                0x080008fc                game_task_state_1_home
 .text.game_task_state_2_play
                0x08000940       0x5e ./Core/Src/game_task.o
                0x08000940                game_task_state_2_play
 .text.game_task_state_3_end
                0x0800099e       0x26 ./Core/Src/game_task.o
                0x0800099e                game_task_state_3_end
 .text.lcd_write_word
                0x080009c4       0x30 ./Core/Src/lcd.o
 .text.lcd_send_half
                0x080009f4       0x48 ./Core/Src/lcd.o
 .text.lcd_send_command
                0x08000a3c       0x2a ./Core/Src/lcd.o
                0x08000a3c                lcd_send_command
 .text.lcd_send_data
                0x08000a66       0x2a ./Core/Src/lcd.o
                0x08000a66                lcd_send_data
 .text.lcd_init
                0x08000a90       0x54 ./Core/Src/lcd.o
                0x08000a90                lcd_init
 .text.lcd_clear
                0x08000ae4       0x14 ./Core/Src/lcd.o
                0x08000ae4                lcd_clear
 .text.lcd_write
                0x08000af8       0x50 ./Core/Src/lcd.o
                0x08000af8                lcd_write
 .text.main     0x08000b48      0x11c ./Core/Src/main.o
                0x08000b48                main
 .text.SystemClock_Config
                0x08000c64       0xd0 ./Core/Src/main.o
                0x08000c64                SystemClock_Config
 .text.MX_ADC1_Init
                0x08000d34       0xc0 ./Core/Src/main.o
 .text.MX_I2C1_Init
                0x08000df4       0x5c ./Core/Src/main.o
 .text.MX_TIM1_Init
                0x08000e50      0x150 ./Core/Src/main.o
 .text.MX_TIM2_Init
                0x08000fa0       0xb0 ./Core/Src/main.o
 .text.MX_TIM3_Init
                0x08001050       0xa8 ./Core/Src/main.o
 .text.MX_TIM4_Init
                0x080010f8       0xc8 ./Core/Src/main.o
 .text.MX_TIM5_Init
                0x080011c0       0xa8 ./Core/Src/main.o
 .text.MX_GPIO_Init
                0x08001268      0x194 ./Core/Src/main.o
 .text.HAL_GPIO_EXTI_Callback
                0x080013fc       0x8c ./Core/Src/main.o
                0x080013fc                HAL_GPIO_EXTI_Callback
 .text.Error_Handler
                0x08001488        0xc ./Core/Src/main.o
                0x08001488                Error_Handler
 .text.set_duty
                0x08001494      0x170 ./Core/Src/motor_driver.o
                0x08001494                set_duty
 .text.enable   0x08001604       0xb0 ./Core/Src/motor_driver.o
                0x08001604                enable
 .text.photoresistor_task_run
                0x080016b4       0x38 ./Core/Src/photoresistor_task.o
                0x080016b4                photoresistor_task_run
 .text.photoresistor_task_state_0_init
                0x080016ec       0x1a ./Core/Src/photoresistor_task.o
                0x080016ec                photoresistor_task_state_0_init
 .text.photoresistor_task_state_1_look
                0x08001706       0x22 ./Core/Src/photoresistor_task.o
                0x08001706                photoresistor_task_state_1_look
 .text.photoresistor_task_state_2_hit
                0x08001728       0x22 ./Core/Src/photoresistor_task.o
                0x08001728                photoresistor_task_state_2_hit
 .text.shoot_task_run
                0x0800174a       0x36 ./Core/Src/shoot_task.o
                0x0800174a                shoot_task_run
 .text.shoot_task_state_0_init
                0x08001780       0x80 ./Core/Src/shoot_task.o
                0x08001780                shoot_task_state_0_init
 .text.shoot_task_state_1_wait
                0x08001800       0x88 ./Core/Src/shoot_task.o
                0x08001800                shoot_task_state_1_wait
 .text.shoot_task_state_2_unshield
                0x08001888       0x7c ./Core/Src/shoot_task.o
                0x08001888                shoot_task_state_2_unshield
 .text.shoot_task_state_3_shoot
                0x08001904       0x34 ./Core/Src/shoot_task.o
                0x08001904                shoot_task_state_3_shoot
 .text.sound_task_state_0_init
                0x08001938       0x14 ./Core/Src/sound_task.o
                0x08001938                sound_task_state_0_init
 .text.sound_task_state_1_wait
                0x0800194c       0x52 ./Core/Src/sound_task.o
                0x0800194c                sound_task_state_1_wait
 .text.sound_task_state_2_laser
                0x0800199e       0x14 ./Core/Src/sound_task.o
                0x0800199e                sound_task_state_2_laser
 .text.sound_task_state_3_hit
                0x080019b2       0x14 ./Core/Src/sound_task.o
                0x080019b2                sound_task_state_3_hit
 .text.sound_task_state_4_win
                0x080019c6       0x14 ./Core/Src/sound_task.o
                0x080019c6                sound_task_state_4_win
 .text.sound_task_state_5_start
                0x080019da       0x14 ./Core/Src/sound_task.o
                0x080019da                sound_task_state_5_start
 *fill*         0x080019ee        0x2 
 .text.HAL_MspInit
                0x080019f0       0x50 ./Core/Src/stm32f4xx_hal_msp.o
                0x080019f0                HAL_MspInit
 .text.HAL_ADC_MspInit
                0x08001a40       0x88 ./Core/Src/stm32f4xx_hal_msp.o
                0x08001a40                HAL_ADC_MspInit
 .text.HAL_I2C_MspInit
                0x08001ac8       0x90 ./Core/Src/stm32f4xx_hal_msp.o
                0x08001ac8                HAL_I2C_MspInit
 .text.HAL_TIM_PWM_MspInit
                0x08001b58       0x98 ./Core/Src/stm32f4xx_hal_msp.o
                0x08001b58                HAL_TIM_PWM_MspInit
 .text.HAL_TIM_Encoder_MspInit
                0x08001bf0       0xfc ./Core/Src/stm32f4xx_hal_msp.o
                0x08001bf0                HAL_TIM_Encoder_MspInit
 .text.HAL_TIM_MspPostInit
                0x08001cec      0x110 ./Core/Src/stm32f4xx_hal_msp.o
                0x08001cec                HAL_TIM_MspPostInit
 .text.NMI_Handler
                0x08001dfc        0x8 ./Core/Src/stm32f4xx_it.o
                0x08001dfc                NMI_Handler
 .text.HardFault_Handler
                0x08001e04        0x8 ./Core/Src/stm32f4xx_it.o
                0x08001e04                HardFault_Handler
 .text.MemManage_Handler
                0x08001e0c        0x8 ./Core/Src/stm32f4xx_it.o
                0x08001e0c                MemManage_Handler
 .text.BusFault_Handler
                0x08001e14        0x8 ./Core/Src/stm32f4xx_it.o
                0x08001e14                BusFault_Handler
 .text.UsageFault_Handler
                0x08001e1c        0x8 ./Core/Src/stm32f4xx_it.o
                0x08001e1c                UsageFault_Handler
 .text.SVC_Handler
                0x08001e24        0xe ./Core/Src/stm32f4xx_it.o
                0x08001e24                SVC_Handler
 .text.DebugMon_Handler
                0x08001e32        0xe ./Core/Src/stm32f4xx_it.o
                0x08001e32                DebugMon_Handler
 .text.PendSV_Handler
                0x08001e40        0xe ./Core/Src/stm32f4xx_it.o
                0x08001e40                PendSV_Handler
 .text.SysTick_Handler
                0x08001e4e        0xc ./Core/Src/stm32f4xx_it.o
                0x08001e4e                SysTick_Handler
 .text.EXTI4_IRQHandler
                0x08001e5a        0xe ./Core/Src/stm32f4xx_it.o
                0x08001e5a                EXTI4_IRQHandler
 .text.EXTI9_5_IRQHandler
                0x08001e68        0xe ./Core/Src/stm32f4xx_it.o
                0x08001e68                EXTI9_5_IRQHandler
 .text.EXTI15_10_IRQHandler
                0x08001e76       0x18 ./Core/Src/stm32f4xx_it.o
                0x08001e76                EXTI15_10_IRQHandler
 *fill*         0x08001e8e        0x2 
 .text.SystemInit
                0x08001e90       0x24 ./Core/Src/system_stm32f4xx.o
                0x08001e90                SystemInit
 .text.Reset_Handler
                0x08001eb4       0x50 ./Core/Startup/startup_stm32f411ceux.o
                0x08001eb4                Reset_Handler
 .text.Default_Handler
                0x08001f04        0x2 ./Core/Startup/startup_stm32f411ceux.o
                0x08001f04                DMA1_Stream3_IRQHandler
                0x08001f04                EXTI2_IRQHandler
                0x08001f04                SPI4_IRQHandler
                0x08001f04                TIM1_CC_IRQHandler
                0x08001f04                DMA2_Stream5_IRQHandler
                0x08001f04                DMA1_Stream5_IRQHandler
                0x08001f04                PVD_IRQHandler
                0x08001f04                SDIO_IRQHandler
                0x08001f04                TAMP_STAMP_IRQHandler
                0x08001f04                EXTI3_IRQHandler
                0x08001f04                TIM1_UP_TIM10_IRQHandler
                0x08001f04                I2C3_ER_IRQHandler
                0x08001f04                EXTI0_IRQHandler
                0x08001f04                I2C2_EV_IRQHandler
                0x08001f04                DMA1_Stream2_IRQHandler
                0x08001f04                FPU_IRQHandler
                0x08001f04                DMA2_Stream2_IRQHandler
                0x08001f04                SPI1_IRQHandler
                0x08001f04                TIM1_BRK_TIM9_IRQHandler
                0x08001f04                DMA2_Stream3_IRQHandler
                0x08001f04                USART6_IRQHandler
                0x08001f04                DMA2_Stream0_IRQHandler
                0x08001f04                TIM4_IRQHandler
                0x08001f04                I2C1_EV_IRQHandler
                0x08001f04                DMA1_Stream6_IRQHandler
                0x08001f04                DMA1_Stream1_IRQHandler
                0x08001f04                TIM3_IRQHandler
                0x08001f04                RCC_IRQHandler
                0x08001f04                Default_Handler
                0x08001f04                ADC_IRQHandler
                0x08001f04                DMA1_Stream7_IRQHandler
                0x08001f04                SPI5_IRQHandler
                0x08001f04                TIM5_IRQHandler
                0x08001f04                DMA2_Stream7_IRQHandler
                0x08001f04                I2C3_EV_IRQHandler
                0x08001f04                RTC_WKUP_IRQHandler
                0x08001f04                SPI2_IRQHandler
                0x08001f04                DMA1_Stream0_IRQHandler
                0x08001f04                WWDG_IRQHandler
                0x08001f04                TIM2_IRQHandler
                0x08001f04                OTG_FS_WKUP_IRQHandler
                0x08001f04                TIM1_TRG_COM_TIM11_IRQHandler
                0x08001f04                EXTI1_IRQHandler
                0x08001f04                USART2_IRQHandler
                0x08001f04                I2C2_ER_IRQHandler
                0x08001f04                DMA2_Stream1_IRQHandler
                0x08001f04                FLASH_IRQHandler
                0x08001f04                DMA2_Stream4_IRQHandler
                0x08001f04                USART1_IRQHandler
                0x08001f04                OTG_FS_IRQHandler
                0x08001f04                SPI3_IRQHandler
                0x08001f04                DMA1_Stream4_IRQHandler
                0x08001f04                I2C1_ER_IRQHandler
                0x08001f04                DMA2_Stream6_IRQHandler
                0x08001f04                RTC_Alarm_IRQHandler
 *fill*         0x08001f06        0x2 
 .text.HAL_Init
                0x08001f08       0x44 ./Drivers/STM32F4xx_HAL_Driver/Src/stm32f4xx_hal.o
                0x08001f08                HAL_Init
 .text.HAL_InitTick
                0x08001f4c       0x60 ./Drivers/STM32F4xx_HAL_Driver/Src/stm32f4xx_hal.o
                0x08001f4c                HAL_InitTick
 .text.HAL_IncTick
                0x08001fac       0x28 ./Drivers/STM32F4xx_HAL_Driver/Src/stm32f4xx_hal.o
                0x08001fac                HAL_IncTick
 .text.HAL_GetTick
                0x08001fd4       0x18 ./Drivers/STM32F4xx_HAL_Driver/Src/stm32f4xx_hal.o
                0x08001fd4                HAL_GetTick
 .text.HAL_Delay
                0x08001fec       0x48 ./Drivers/STM32F4xx_HAL_Driver/Src/stm32f4xx_hal.o
                0x08001fec                HAL_Delay
 .text.HAL_ADC_Init
                0x08002034       0x86 ./Drivers/STM32F4xx_HAL_Driver/Src/stm32f4xx_hal_adc.o
                0x08002034                HAL_ADC_Init
 *fill*         0x080020ba        0x2 
 .text.HAL_ADC_Start
                0x080020bc      0x168 ./Drivers/STM32F4xx_HAL_Driver/Src/stm32f4xx_hal_adc.o
                0x080020bc                HAL_ADC_Start
 .text.HAL_ADC_Stop
                0x08002224       0x66 ./Drivers/STM32F4xx_HAL_Driver/Src/stm32f4xx_hal_adc.o
                0x08002224                HAL_ADC_Stop
 .text.HAL_ADC_PollForConversion
                0x0800228a      0x116 ./Drivers/STM32F4xx_HAL_Driver/Src/stm32f4xx_hal_adc.o
                0x0800228a                HAL_ADC_PollForConversion
 .text.HAL_ADC_GetValue
                0x080023a0       0x1a ./Drivers/STM32F4xx_HAL_Driver/Src/stm32f4xx_hal_adc.o
                0x080023a0                HAL_ADC_GetValue
 *fill*         0x080023ba        0x2 
 .text.HAL_ADC_ConfigChannel
                0x080023bc      0x264 ./Drivers/STM32F4xx_HAL_Driver/Src/stm32f4xx_hal_adc.o
                0x080023bc                HAL_ADC_ConfigChannel
 .text.ADC_Init
                0x08002620      0x1f8 ./Drivers/STM32F4xx_HAL_Driver/Src/stm32f4xx_hal_adc.o
 .text.__NVIC_SetPriorityGrouping
                0x08002818       0x48 ./Drivers/STM32F4xx_HAL_Driver/Src/stm32f4xx_hal_cortex.o
 .text.__NVIC_GetPriorityGrouping
                0x08002860       0x1c ./Drivers/STM32F4xx_HAL_Driver/Src/stm32f4xx_hal_cortex.o
 .text.__NVIC_EnableIRQ
                0x0800287c       0x3c ./Drivers/STM32F4xx_HAL_Driver/Src/stm32f4xx_hal_cortex.o
 .text.__NVIC_SetPriority
                0x080028b8       0x54 ./Drivers/STM32F4xx_HAL_Driver/Src/stm32f4xx_hal_cortex.o
 .text.NVIC_EncodePriority
                0x0800290c       0x66 ./Drivers/STM32F4xx_HAL_Driver/Src/stm32f4xx_hal_cortex.o
 *fill*         0x08002972        0x2 
 .text.SysTick_Config
                0x08002974       0x44 ./Drivers/STM32F4xx_HAL_Driver/Src/stm32f4xx_hal_cortex.o
 .text.HAL_NVIC_SetPriorityGrouping
                0x080029b8       0x16 ./Drivers/STM32F4xx_HAL_Driver/Src/stm32f4xx_hal_cortex.o
                0x080029b8                HAL_NVIC_SetPriorityGrouping
 .text.HAL_NVIC_SetPriority
                0x080029ce       0x38 ./Drivers/STM32F4xx_HAL_Driver/Src/stm32f4xx_hal_cortex.o
                0x080029ce                HAL_NVIC_SetPriority
 .text.HAL_NVIC_EnableIRQ
                0x08002a06       0x1c ./Drivers/STM32F4xx_HAL_Driver/Src/stm32f4xx_hal_cortex.o
                0x08002a06                HAL_NVIC_EnableIRQ
 .text.HAL_SYSTICK_Config
                0x08002a22       0x18 ./Drivers/STM32F4xx_HAL_Driver/Src/stm32f4xx_hal_cortex.o
                0x08002a22                HAL_SYSTICK_Config
 *fill*         0x08002a3a        0x2 
 .text.HAL_GPIO_Init
                0x08002a3c      0x308 ./Drivers/STM32F4xx_HAL_Driver/Src/stm32f4xx_hal_gpio.o
                0x08002a3c                HAL_GPIO_Init
 .text.HAL_GPIO_ReadPin
                0x08002d44       0x30 ./Drivers/STM32F4xx_HAL_Driver/Src/stm32f4xx_hal_gpio.o
                0x08002d44                HAL_GPIO_ReadPin
 .text.HAL_GPIO_WritePin
                0x08002d74       0x32 ./Drivers/STM32F4xx_HAL_Driver/Src/stm32f4xx_hal_gpio.o
                0x08002d74                HAL_GPIO_WritePin
 *fill*         0x08002da6        0x2 
 .text.HAL_GPIO_EXTI_IRQHandler
                0x08002da8       0x30 ./Drivers/STM32F4xx_HAL_Driver/Src/stm32f4xx_hal_gpio.o
                0x08002da8                HAL_GPIO_EXTI_IRQHandler
 .text.HAL_I2C_Init
                0x08002dd8      0x288 ./Drivers/STM32F4xx_HAL_Driver/Src/stm32f4xx_hal_i2c.o
                0x08002dd8                HAL_I2C_Init
 .text.HAL_I2C_Master_Transmit
                0x08003060      0x1fc ./Drivers/STM32F4xx_HAL_Driver/Src/stm32f4xx_hal_i2c.o
                0x08003060                HAL_I2C_Master_Transmit
 .text.I2C_MasterRequestWrite
                0x0800325c      0x104 ./Drivers/STM32F4xx_HAL_Driver/Src/stm32f4xx_hal_i2c.o
 .text.I2C_WaitOnFlagUntilTimeout
                0x08003360       0xf4 ./Drivers/STM32F4xx_HAL_Driver/Src/stm32f4xx_hal_i2c.o
 .text.I2C_WaitOnMasterAddressFlagUntilTimeout
                0x08003454      0x140 ./Drivers/STM32F4xx_HAL_Driver/Src/stm32f4xx_hal_i2c.o
 .text.I2C_WaitOnTXEFlagUntilTimeout
                0x08003594       0x90 ./Drivers/STM32F4xx_HAL_Driver/Src/stm32f4xx_hal_i2c.o
 .text.I2C_WaitOnBTFFlagUntilTimeout
                0x08003624       0x90 ./Drivers/STM32F4xx_HAL_Driver/Src/stm32f4xx_hal_i2c.o
 .text.I2C_IsAcknowledgeFailed
                0x080036b4       0x5e ./Drivers/STM32F4xx_HAL_Driver/Src/stm32f4xx_hal_i2c.o
 *fill*         0x08003712        0x2 
 .text.HAL_RCC_OscConfig
                0x08003714      0x4f0 ./Drivers/STM32F4xx_HAL_Driver/Src/stm32f4xx_hal_rcc.o
                0x08003714                HAL_RCC_OscConfig
 .text.HAL_RCC_ClockConfig
                0x08003c04      0x1cc ./Drivers/STM32F4xx_HAL_Driver/Src/stm32f4xx_hal_rcc.o
                0x08003c04                HAL_RCC_ClockConfig
 .text.HAL_RCC_GetSysClockFreq
                0x08003dd0      0x18c ./Drivers/STM32F4xx_HAL_Driver/Src/stm32f4xx_hal_rcc.o
                0x08003dd0                HAL_RCC_GetSysClockFreq
 .text.HAL_RCC_GetHCLKFreq
                0x08003f5c       0x18 ./Drivers/STM32F4xx_HAL_Driver/Src/stm32f4xx_hal_rcc.o
                0x08003f5c                HAL_RCC_GetHCLKFreq
 .text.HAL_RCC_GetPCLK1Freq
                0x08003f74       0x28 ./Drivers/STM32F4xx_HAL_Driver/Src/stm32f4xx_hal_rcc.o
                0x08003f74                HAL_RCC_GetPCLK1Freq
 .text.HAL_TIM_Base_Start
                0x08003f9c       0xb4 ./Drivers/STM32F4xx_HAL_Driver/Src/stm32f4xx_hal_tim.o
                0x08003f9c                HAL_TIM_Base_Start
 .text.HAL_TIM_PWM_Init
                0x08004050       0x9e ./Drivers/STM32F4xx_HAL_Driver/Src/stm32f4xx_hal_tim.o
                0x08004050                HAL_TIM_PWM_Init
 *fill*         0x080040ee        0x2 
 .text.HAL_TIM_PWM_Start_IT
                0x080040f0      0x1fc ./Drivers/STM32F4xx_HAL_Driver/Src/stm32f4xx_hal_tim.o
                0x080040f0                HAL_TIM_PWM_Start_IT
 .text.HAL_TIM_Encoder_Init
                0x080042ec      0x14c ./Drivers/STM32F4xx_HAL_Driver/Src/stm32f4xx_hal_tim.o
                0x080042ec                HAL_TIM_Encoder_Init
 .text.HAL_TIM_Encoder_Start
                0x08004438      0x11c ./Drivers/STM32F4xx_HAL_Driver/Src/stm32f4xx_hal_tim.o
                0x08004438                HAL_TIM_Encoder_Start
 .text.HAL_TIM_PWM_ConfigChannel
                0x08004554      0x184 ./Drivers/STM32F4xx_HAL_Driver/Src/stm32f4xx_hal_tim.o
                0x08004554                HAL_TIM_PWM_ConfigChannel
 .text.TIM_Base_SetConfig
                0x080046d8      0x10c ./Drivers/STM32F4xx_HAL_Driver/Src/stm32f4xx_hal_tim.o
                0x080046d8                TIM_Base_SetConfig
 .text.TIM_OC1_SetConfig
                0x080047e4       0xcc ./Drivers/STM32F4xx_HAL_Driver/Src/stm32f4xx_hal_tim.o
 .text.TIM_OC2_SetConfig
                0x080048b0       0xd8 ./Drivers/STM32F4xx_HAL_Driver/Src/stm32f4xx_hal_tim.o
                0x080048b0                TIM_OC2_SetConfig
 .text.TIM_OC3_SetConfig
                0x08004988       0xd4 ./Drivers/STM32F4xx_HAL_Driver/Src/stm32f4xx_hal_tim.o
 .text.TIM_OC4_SetConfig
                0x08004a5c       0xa0 ./Drivers/STM32F4xx_HAL_Driver/Src/stm32f4xx_hal_tim.o
 .text.TIM_CCxChannelCmd
                0x08004afc       0x4a ./Drivers/STM32F4xx_HAL_Driver/Src/stm32f4xx_hal_tim.o
                0x08004afc                TIM_CCxChannelCmd
 *fill*         0x08004b46        0x2 
 .text.HAL_TIMEx_MasterConfigSynchronization
                0x08004b48       0xdc ./Drivers/STM32F4xx_HAL_Driver/Src/stm32f4xx_hal_tim_ex.o
                0x08004b48                HAL_TIMEx_MasterConfigSynchronization
 .text.HAL_TIMEx_ConfigBreakDeadTime
                0x08004c24       0xa4 ./Drivers/STM32F4xx_HAL_Driver/Src/stm32f4xx_hal_tim_ex.o
                0x08004c24                HAL_TIMEx_ConfigBreakDeadTime
 .text.memset   0x08004cc8       0x10 /Applications/STM32CubeIDE.app/Contents/Eclipse/plugins/com.st.stm32cube.ide.mcu.externaltools.gnu-tools-for-stm32.13.3.rel1.macos64_1.0.0.202411102158/tools/bin/../lib/gcc/arm-none-eabi/13.3.1/../../../../arm-none-eabi/lib/thumb/v7e-m+fp/hard/libc_nano.a(libc_a-memset.o)
                0x08004cc8                memset
 .text.__libc_init_array
                0x08004cd8       0x48 /Applications/STM32CubeIDE.app/Contents/Eclipse/plugins/com.st.stm32cube.ide.mcu.externaltools.gnu-tools-for-stm32.13.3.rel1.macos64_1.0.0.202411102158/tools/bin/../lib/gcc/arm-none-eabi/13.3.1/../../../../arm-none-eabi/lib/thumb/v7e-m+fp/hard/libc_nano.a(libc_a-init.o)
                0x08004cd8                __libc_init_array
 *(.glue_7)
 .glue_7        0x08004d20        0x0 linker stubs
 *(.glue_7t)
 .glue_7t       0x08004d20        0x0 linker stubs
 *(.eh_frame)
 .eh_frame      0x08004d20        0x0 /Applications/STM32CubeIDE.app/Contents/Eclipse/plugins/com.st.stm32cube.ide.mcu.externaltools.gnu-tools-for-stm32.13.3.rel1.macos64_1.0.0.202411102158/tools/bin/../lib/gcc/arm-none-eabi/13.3.1/thumb/v7e-m+fp/hard/crtbegin.o
 *(.init)
 .init          0x08004d20        0x4 /Applications/STM32CubeIDE.app/Contents/Eclipse/plugins/com.st.stm32cube.ide.mcu.externaltools.gnu-tools-for-stm32.13.3.rel1.macos64_1.0.0.202411102158/tools/bin/../lib/gcc/arm-none-eabi/13.3.1/thumb/v7e-m+fp/hard/crti.o
                0x08004d20                _init
 .init          0x08004d24        0x8 /Applications/STM32CubeIDE.app/Contents/Eclipse/plugins/com.st.stm32cube.ide.mcu.externaltools.gnu-tools-for-stm32.13.3.rel1.macos64_1.0.0.202411102158/tools/bin/../lib/gcc/arm-none-eabi/13.3.1/thumb/v7e-m+fp/hard/crtn.o
 *(.fini)
 .fini          0x08004d2c        0x4 /Applications/STM32CubeIDE.app/Contents/Eclipse/plugins/com.st.stm32cube.ide.mcu.externaltools.gnu-tools-for-stm32.13.3.rel1.macos64_1.0.0.202411102158/tools/bin/../lib/gcc/arm-none-eabi/13.3.1/thumb/v7e-m+fp/hard/crti.o
                0x08004d2c                _fini
 .fini          0x08004d30        0x8 /Applications/STM32CubeIDE.app/Contents/Eclipse/plugins/com.st.stm32cube.ide.mcu.externaltools.gnu-tools-for-stm32.13.3.rel1.macos64_1.0.0.202411102158/tools/bin/../lib/gcc/arm-none-eabi/13.3.1/thumb/v7e-m+fp/hard/crtn.o
                0x08004d38                        . = ALIGN (0x4)
                0x08004d38                        _etext = .

.vfp11_veneer   0x08004d38        0x0
 .vfp11_veneer  0x08004d38        0x0 linker stubs

.v4_bx          0x08004d38        0x0
 .v4_bx         0x08004d38        0x0 linker stubs

.iplt           0x08004d38        0x0
 .iplt          0x08004d38        0x0 /Applications/STM32CubeIDE.app/Contents/Eclipse/plugins/com.st.stm32cube.ide.mcu.externaltools.gnu-tools-for-stm32.13.3.rel1.macos64_1.0.0.202411102158/tools/bin/../lib/gcc/arm-none-eabi/13.3.1/thumb/v7e-m+fp/hard/crtbegin.o

.rodata         0x08004d38       0x3c
                0x08004d38                        . = ALIGN (0x4)
 *(.rodata)
 .rodata        0x08004d38       0x21 ./Core/Src/game_task.o
 *(.rodata*)
 *fill*         0x08004d59        0x3 
 .rodata.AHBPrescTable
                0x08004d5c       0x10 ./Core/Src/system_stm32f4xx.o
                0x08004d5c                AHBPrescTable
 .rodata.APBPrescTable
                0x08004d6c        0x8 ./Core/Src/system_stm32f4xx.o
                0x08004d6c                APBPrescTable
                0x08004d74                        . = ALIGN (0x4)

.ARM.extab      0x08004d74        0x0
                0x08004d74                        . = ALIGN (0x4)
 *(.ARM.extab* .gnu.linkonce.armextab.*)
                0x08004d74                        . = ALIGN (0x4)

.ARM            0x08004d74        0x8
                0x08004d74                        . = ALIGN (0x4)
                0x08004d74                        __exidx_start = .
 *(.ARM.exidx*)
 .ARM.exidx     0x08004d74        0x8 /Applications/STM32CubeIDE.app/Contents/Eclipse/plugins/com.st.stm32cube.ide.mcu.externaltools.gnu-tools-for-stm32.13.3.rel1.macos64_1.0.0.202411102158/tools/bin/../lib/gcc/arm-none-eabi/13.3.1/thumb/v7e-m+fp/hard/libgcc.a(_udivmoddi4.o)
                0x08004d7c                        __exidx_end = .
                0x08004d7c                        . = ALIGN (0x4)

.preinit_array  0x08004d7c        0x0
                0x08004d7c                        . = ALIGN (0x4)
                0x08004d7c                        PROVIDE (__preinit_array_start = .)
 *(.preinit_array*)
                0x08004d7c                        PROVIDE (__preinit_array_end = .)
                0x08004d7c                        . = ALIGN (0x4)

.init_array     0x08004d7c        0x4
                0x08004d7c                        . = ALIGN (0x4)
                0x08004d7c                        PROVIDE (__init_array_start = .)
 *(SORT_BY_NAME(.init_array.*))
 *(.init_array*)
 .init_array    0x08004d7c        0x4 /Applications/STM32CubeIDE.app/Contents/Eclipse/plugins/com.st.stm32cube.ide.mcu.externaltools.gnu-tools-for-stm32.13.3.rel1.macos64_1.0.0.202411102158/tools/bin/../lib/gcc/arm-none-eabi/13.3.1/thumb/v7e-m+fp/hard/crtbegin.o
                0x08004d80                        PROVIDE (__init_array_end = .)
                0x08004d80                        . = ALIGN (0x4)

.fini_array     0x08004d80        0x4
                0x08004d80                        . = ALIGN (0x4)
                [!provide]                        PROVIDE (__fini_array_start = .)
 *(SORT_BY_NAME(.fini_array.*))
 *(.fini_array*)
 .fini_array    0x08004d80        0x4 /Applications/STM32CubeIDE.app/Contents/Eclipse/plugins/com.st.stm32cube.ide.mcu.externaltools.gnu-tools-for-stm32.13.3.rel1.macos64_1.0.0.202411102158/tools/bin/../lib/gcc/arm-none-eabi/13.3.1/thumb/v7e-m+fp/hard/crtbegin.o
                [!provide]                        PROVIDE (__fini_array_end = .)
                0x08004d84                        . = ALIGN (0x4)
                0x08004d84                        _sidata = LOADADDR (.data)

.rel.dyn        0x08004d84        0x0
 .rel.iplt      0x08004d84        0x0 /Applications/STM32CubeIDE.app/Contents/Eclipse/plugins/com.st.stm32cube.ide.mcu.externaltools.gnu-tools-for-stm32.13.3.rel1.macos64_1.0.0.202411102158/tools/bin/../lib/gcc/arm-none-eabi/13.3.1/thumb/v7e-m+fp/hard/crtbegin.o

.data           0x20000000      0x20c load address 0x08004d84
                0x20000000                        . = ALIGN (0x4)
                0x20000000                        _sdata = .
 *(.data)
 *(.data*)
 .data.mred     0x20000000        0xc ./Core/Src/main.o
                0x20000000                mred
 .data.mblue    0x2000000c        0xc ./Core/Src/main.o
                0x2000000c                mblue
 .data.sound_task
                0x20000018       0x30 ./Core/Src/main.o
                0x20000018                sound_task
 .data.red_photoresistor_task
                0x20000048       0x20 ./Core/Src/main.o
                0x20000048                red_photoresistor_task
 .data.blue_photoresistor_task
                0x20000068       0x20 ./Core/Src/main.o
                0x20000068                blue_photoresistor_task
 .data.game_task
                0x20000088       0x44 ./Core/Src/main.o
                0x20000088                game_task
 .data.red_shoot_task
                0x200000cc       0x30 ./Core/Src/main.o
                0x200000cc                red_shoot_task
 .data.blue_shoot_task
                0x200000fc       0x30 ./Core/Src/main.o
                0x200000fc                blue_shoot_task
 .data.blue_controller_task
                0x2000012c       0x58 ./Core/Src/main.o
                0x2000012c                blue_controller_task
 .data.red_controller_task
                0x20000184       0x58 ./Core/Src/main.o
                0x20000184                red_controller_task
 .data.adc_task
                0x200001dc       0x24 ./Core/Src/main.o
                0x200001dc                adc_task
 .data.SystemCoreClock
                0x20000200        0x4 ./Core/Src/system_stm32f4xx.o
                0x20000200                SystemCoreClock
 .data.uwTickPrio
                0x20000204        0x4 ./Drivers/STM32F4xx_HAL_Driver/Src/stm32f4xx_hal.o
                0x20000204                uwTickPrio
 .data.uwTickFreq
                0x20000208        0x1 ./Drivers/STM32F4xx_HAL_Driver/Src/stm32f4xx_hal.o
                0x20000208                uwTickFreq
 *(.RamFunc)
 *(.RamFunc*)
                0x2000020c                        . = ALIGN (0x4)
 *fill*         0x20000209        0x3 
                0x2000020c                        _edata = .

.igot.plt       0x2000020c        0x0 load address 0x08004f90
 .igot.plt      0x2000020c        0x0 /Applications/STM32CubeIDE.app/Contents/Eclipse/plugins/com.st.stm32cube.ide.mcu.externaltools.gnu-tools-for-stm32.13.3.rel1.macos64_1.0.0.202411102158/tools/bin/../lib/gcc/arm-none-eabi/13.3.1/thumb/v7e-m+fp/hard/crtbegin.o
                0x2000020c                        . = ALIGN (0x4)

.bss            0x2000020c      0x230 load address 0x08004f90
                0x2000020c                        _sbss = .
                0x2000020c                        __bss_start__ = _sbss
 *(.bss)
 .bss           0x2000020c       0x1c /Applications/STM32CubeIDE.app/Contents/Eclipse/plugins/com.st.stm32cube.ide.mcu.externaltools.gnu-tools-for-stm32.13.3.rel1.macos64_1.0.0.202411102158/tools/bin/../lib/gcc/arm-none-eabi/13.3.1/thumb/v7e-m+fp/hard/crtbegin.o
 *(.bss*)
 .bss.lcd_hi2c  0x20000228        0x4 ./Core/Src/lcd.o
 .bss.hadc1     0x2000022c       0x48 ./Core/Src/main.o
                0x2000022c                hadc1
 .bss.hi2c1     0x20000274       0x54 ./Core/Src/main.o
                0x20000274                hi2c1
 .bss.htim1     0x200002c8       0x48 ./Core/Src/main.o
                0x200002c8                htim1
 .bss.htim2     0x20000310       0x48 ./Core/Src/main.o
                0x20000310                htim2
 .bss.htim3     0x20000358       0x48 ./Core/Src/main.o
                0x20000358                htim3
 .bss.htim4     0x200003a0       0x48 ./Core/Src/main.o
                0x200003a0                htim4
 .bss.htim5     0x200003e8       0x48 ./Core/Src/main.o
                0x200003e8                htim5
 .bss.a         0x20000430        0x4 ./Core/Src/main.o
                0x20000430                a
 .bss.b         0x20000434        0x4 ./Core/Src/main.o
                0x20000434                b
 .bss.uwTick    0x20000438        0x4 ./Drivers/STM32F4xx_HAL_Driver/Src/stm32f4xx_hal.o
                0x20000438                uwTick
 *(COMMON)
                0x2000043c                        . = ALIGN (0x4)
                0x2000043c                        _ebss = .
                0x2000043c                        __bss_end__ = _ebss

._user_heap_stack
                0x2000043c      0x604 load address 0x08004f90
                0x20000440                        . = ALIGN (0x8)
 *fill*         0x2000043c        0x4 
                [!provide]                        PROVIDE (end = .)
                0x20000440                        PROVIDE (_end = .)
                0x20000640                        . = (. + _Min_Heap_Size)
 *fill*         0x20000440      0x200 
                0x20000a40                        . = (. + _Min_Stack_Size)
 *fill*         0x20000640      0x400 
                0x20000a40                        . = ALIGN (0x8)

/DISCARD/
 libc.a(*)
 libm.a(*)
 libgcc.a(*)

.ARM.attributes
                0x00000000       0x30
 *(.ARM.attributes)
 .ARM.attributes
                0x00000000       0x22 /Applications/STM32CubeIDE.app/Contents/Eclipse/plugins/com.st.stm32cube.ide.mcu.externaltools.gnu-tools-for-stm32.13.3.rel1.macos64_1.0.0.202411102158/tools/bin/../lib/gcc/arm-none-eabi/13.3.1/thumb/v7e-m+fp/hard/crti.o
 .ARM.attributes
                0x00000022       0x34 /Applications/STM32CubeIDE.app/Contents/Eclipse/plugins/com.st.stm32cube.ide.mcu.externaltools.gnu-tools-for-stm32.13.3.rel1.macos64_1.0.0.202411102158/tools/bin/../lib/gcc/arm-none-eabi/13.3.1/thumb/v7e-m+fp/hard/crtbegin.o
 .ARM.attributes
                0x00000056       0x34 ./Core/Src/adc_task.o
 .ARM.attributes
                0x0000008a       0x34 ./Core/Src/controller_task.o
 .ARM.attributes
                0x000000be       0x34 ./Core/Src/game_task.o
 .ARM.attributes
                0x000000f2       0x34 ./Core/Src/lcd.o
 .ARM.attributes
                0x00000126       0x34 ./Core/Src/main.o
 .ARM.attributes
                0x0000015a       0x34 ./Core/Src/motor_driver.o
 .ARM.attributes
                0x0000018e       0x34 ./Core/Src/photoresistor_task.o
 .ARM.attributes
                0x000001c2       0x34 ./Core/Src/shoot_task.o
 .ARM.attributes
                0x000001f6       0x34 ./Core/Src/sound_task.o
 .ARM.attributes
                0x0000022a       0x34 ./Core/Src/stm32f4xx_hal_msp.o
 .ARM.attributes
                0x0000025e       0x34 ./Core/Src/stm32f4xx_it.o
 .ARM.attributes
                0x00000292       0x34 ./Core/Src/system_stm32f4xx.o
 .ARM.attributes
                0x000002c6       0x21 ./Core/Startup/startup_stm32f411ceux.o
 .ARM.attributes
                0x000002e7       0x34 ./Drivers/STM32F4xx_HAL_Driver/Src/stm32f4xx_hal.o
 .ARM.attributes
                0x0000031b       0x34 ./Drivers/STM32F4xx_HAL_Driver/Src/stm32f4xx_hal_adc.o
 .ARM.attributes
                0x0000034f       0x34 ./Drivers/STM32F4xx_HAL_Driver/Src/stm32f4xx_hal_cortex.o
 .ARM.attributes
                0x00000383       0x34 ./Drivers/STM32F4xx_HAL_Driver/Src/stm32f4xx_hal_gpio.o
 .ARM.attributes
                0x000003b7       0x34 ./Drivers/STM32F4xx_HAL_Driver/Src/stm32f4xx_hal_i2c.o
 .ARM.attributes
                0x000003eb       0x34 ./Drivers/STM32F4xx_HAL_Driver/Src/stm32f4xx_hal_rcc.o
 .ARM.attributes
                0x0000041f       0x34 ./Drivers/STM32F4xx_HAL_Driver/Src/stm32f4xx_hal_tim.o
 .ARM.attributes
                0x00000453       0x34 ./Drivers/STM32F4xx_HAL_Driver/Src/stm32f4xx_hal_tim_ex.o
 .ARM.attributes
                0x00000487       0x34 /Applications/STM32CubeIDE.app/Contents/Eclipse/plugins/com.st.stm32cube.ide.mcu.externaltools.gnu-tools-for-stm32.13.3.rel1.macos64_1.0.0.202411102158/tools/bin/../lib/gcc/arm-none-eabi/13.3.1/../../../../arm-none-eabi/lib/thumb/v7e-m+fp/hard/libc_nano.a(libc_a-memset.o)
 .ARM.attributes
                0x000004bb       0x34 /Applications/STM32CubeIDE.app/Contents/Eclipse/plugins/com.st.stm32cube.ide.mcu.externaltools.gnu-tools-for-stm32.13.3.rel1.macos64_1.0.0.202411102158/tools/bin/../lib/gcc/arm-none-eabi/13.3.1/../../../../arm-none-eabi/lib/thumb/v7e-m+fp/hard/libc_nano.a(libc_a-init.o)
 .ARM.attributes
                0x000004ef       0x22 /Applications/STM32CubeIDE.app/Contents/Eclipse/plugins/com.st.stm32cube.ide.mcu.externaltools.gnu-tools-for-stm32.13.3.rel1.macos64_1.0.0.202411102158/tools/bin/../lib/gcc/arm-none-eabi/13.3.1/thumb/v7e-m+fp/hard/libgcc.a(_aeabi_uldivmod.o)
 .ARM.attributes
                0x00000511       0x34 /Applications/STM32CubeIDE.app/Contents/Eclipse/plugins/com.st.stm32cube.ide.mcu.externaltools.gnu-tools-for-stm32.13.3.rel1.macos64_1.0.0.202411102158/tools/bin/../lib/gcc/arm-none-eabi/13.3.1/thumb/v7e-m+fp/hard/libgcc.a(_udivmoddi4.o)
 .ARM.attributes
                0x00000545       0x22 /Applications/STM32CubeIDE.app/Contents/Eclipse/plugins/com.st.stm32cube.ide.mcu.externaltools.gnu-tools-for-stm32.13.3.rel1.macos64_1.0.0.202411102158/tools/bin/../lib/gcc/arm-none-eabi/13.3.1/thumb/v7e-m+fp/hard/libgcc.a(_dvmd_tls.o)
 .ARM.attributes
                0x00000567       0x22 /Applications/STM32CubeIDE.app/Contents/Eclipse/plugins/com.st.stm32cube.ide.mcu.externaltools.gnu-tools-for-stm32.13.3.rel1.macos64_1.0.0.202411102158/tools/bin/../lib/gcc/arm-none-eabi/13.3.1/thumb/v7e-m+fp/hard/crtn.o
OUTPUT(CODE.elf elf32-littlearm)
LOAD linker stubs
LOAD /Applications/STM32CubeIDE.app/Contents/Eclipse/plugins/com.st.stm32cube.ide.mcu.externaltools.gnu-tools-for-stm32.13.3.rel1.macos64_1.0.0.202411102158/tools/bin/../lib/gcc/arm-none-eabi/13.3.1/../../../../arm-none-eabi/lib/thumb/v7e-m+fp/hard/libc.a
LOAD /Applications/STM32CubeIDE.app/Contents/Eclipse/plugins/com.st.stm32cube.ide.mcu.externaltools.gnu-tools-for-stm32.13.3.rel1.macos64_1.0.0.202411102158/tools/bin/../lib/gcc/arm-none-eabi/13.3.1/../../../../arm-none-eabi/lib/thumb/v7e-m+fp/hard/libm.a
LOAD /Applications/STM32CubeIDE.app/Contents/Eclipse/plugins/com.st.stm32cube.ide.mcu.externaltools.gnu-tools-for-stm32.13.3.rel1.macos64_1.0.0.202411102158/tools/bin/../lib/gcc/arm-none-eabi/13.3.1/thumb/v7e-m+fp/hard/libgcc.a

.debug_info     0x00000000    0x10c52
 .debug_info    0x00000000      0xc83 ./Core/Src/adc_task.o
 .debug_info    0x00000c83      0xcd5 ./Core/Src/controller_task.o
 .debug_info    0x00001958      0x93b ./Core/Src/game_task.o
 .debug_info    0x00002293      0x784 ./Core/Src/lcd.o
 .debug_info    0x00002a17     0x2121 ./Core/Src/main.o
 .debug_info    0x00004b38      0x6ee ./Core/Src/motor_driver.o
 .debug_info    0x00005226      0x1b3 ./Core/Src/photoresistor_task.o
 .debug_info    0x000053d9      0x8a0 ./Core/Src/shoot_task.o
 .debug_info    0x00005c79      0x21a ./Core/Src/sound_task.o
 .debug_info    0x00005e93     0x11ba ./Core/Src/stm32f4xx_hal_msp.o
 .debug_info    0x0000704d      0x16a ./Core/Src/stm32f4xx_it.o
 .debug_info    0x000071b7      0x53e ./Core/Src/system_stm32f4xx.o
 .debug_info    0x000076f5       0x30 ./Core/Startup/startup_stm32f411ceux.o
 .debug_info    0x00007725      0x8c4 ./Drivers/STM32F4xx_HAL_Driver/Src/stm32f4xx_hal.o
 .debug_info    0x00007fe9      0xce0 ./Drivers/STM32F4xx_HAL_Driver/Src/stm32f4xx_hal_adc.o
 .debug_info    0x00008cc9      0xcfc ./Drivers/STM32F4xx_HAL_Driver/Src/stm32f4xx_hal_cortex.o
 .debug_info    0x000099c5      0x6f9 ./Drivers/STM32F4xx_HAL_Driver/Src/stm32f4xx_hal_gpio.o
 .debug_info    0x0000a0be     0x2426 ./Drivers/STM32F4xx_HAL_Driver/Src/stm32f4xx_hal_i2c.o
 .debug_info    0x0000c4e4      0x904 ./Drivers/STM32F4xx_HAL_Driver/Src/stm32f4xx_hal_rcc.o
 .debug_info    0x0000cde8     0x2996 ./Drivers/STM32F4xx_HAL_Driver/Src/stm32f4xx_hal_tim.o
 .debug_info    0x0000f77e     0x14d4 ./Drivers/STM32F4xx_HAL_Driver/Src/stm32f4xx_hal_tim_ex.o

.debug_abbrev   0x00000000     0x2690
 .debug_abbrev  0x00000000      0x1b2 ./Core/Src/adc_task.o
 .debug_abbrev  0x000001b2      0x1c7 ./Core/Src/controller_task.o
 .debug_abbrev  0x00000379      0x1b8 ./Core/Src/game_task.o
 .debug_abbrev  0x00000531      0x1eb ./Core/Src/lcd.o
 .debug_abbrev  0x0000071c      0x2bf ./Core/Src/main.o
 .debug_abbrev  0x000009db      0x17a ./Core/Src/motor_driver.o
 .debug_abbrev  0x00000b55       0xd0 ./Core/Src/photoresistor_task.o
 .debug_abbrev  0x00000c25      0x1b3 ./Core/Src/shoot_task.o
 .debug_abbrev  0x00000dd8       0xd0 ./Core/Src/sound_task.o
 .debug_abbrev  0x00000ea8      0x22e ./Core/Src/stm32f4xx_hal_msp.o
 .debug_abbrev  0x000010d6       0xa0 ./Core/Src/stm32f4xx_it.o
 .debug_abbrev  0x00001176      0x11a ./Core/Src/system_stm32f4xx.o
 .debug_abbrev  0x00001290       0x24 ./Core/Startup/startup_stm32f411ceux.o
 .debug_abbrev  0x000012b4      0x24b ./Drivers/STM32F4xx_HAL_Driver/Src/stm32f4xx_hal.o
 .debug_abbrev  0x000014ff      0x20e ./Drivers/STM32F4xx_HAL_Driver/Src/stm32f4xx_hal_adc.o
 .debug_abbrev  0x0000170d      0x31d ./Drivers/STM32F4xx_HAL_Driver/Src/stm32f4xx_hal_cortex.o
 .debug_abbrev  0x00001a2a      0x1d3 ./Drivers/STM32F4xx_HAL_Driver/Src/stm32f4xx_hal_gpio.o
 .debug_abbrev  0x00001bfd      0x2bc ./Drivers/STM32F4xx_HAL_Driver/Src/stm32f4xx_hal_i2c.o
 .debug_abbrev  0x00001eb9      0x2b6 ./Drivers/STM32F4xx_HAL_Driver/Src/stm32f4xx_hal_rcc.o
 .debug_abbrev  0x0000216f      0x28b ./Drivers/STM32F4xx_HAL_Driver/Src/stm32f4xx_hal_tim.o
 .debug_abbrev  0x000023fa      0x296 ./Drivers/STM32F4xx_HAL_Driver/Src/stm32f4xx_hal_tim_ex.o

.debug_aranges  0x00000000      0xf60
 .debug_aranges
                0x00000000       0x30 ./Core/Src/adc_task.o
 .debug_aranges
                0x00000030       0x38 ./Core/Src/controller_task.o
 .debug_aranges
                0x00000068       0x40 ./Core/Src/game_task.o
 .debug_aranges
                0x000000a8       0x50 ./Core/Src/lcd.o
 .debug_aranges
                0x000000f8       0x78 ./Core/Src/main.o
 .debug_aranges
                0x00000170       0x30 ./Core/Src/motor_driver.o
 .debug_aranges
                0x000001a0       0x38 ./Core/Src/photoresistor_task.o
 .debug_aranges
                0x000001d8       0x40 ./Core/Src/shoot_task.o
 .debug_aranges
                0x00000218       0x50 ./Core/Src/sound_task.o
 .debug_aranges
                0x00000268       0x68 ./Core/Src/stm32f4xx_hal_msp.o
 .debug_aranges
                0x000002d0       0x78 ./Core/Src/stm32f4xx_it.o
 .debug_aranges
                0x00000348       0x28 ./Core/Src/system_stm32f4xx.o
 .debug_aranges
                0x00000370       0x28 ./Core/Startup/startup_stm32f411ceux.o
 .debug_aranges
                0x00000398       0xf0 ./Drivers/STM32F4xx_HAL_Driver/Src/stm32f4xx_hal.o
 .debug_aranges
                0x00000488       0xe8 ./Drivers/STM32F4xx_HAL_Driver/Src/stm32f4xx_hal_adc.o
 .debug_aranges
                0x00000570      0x130 ./Drivers/STM32F4xx_HAL_Driver/Src/stm32f4xx_hal_cortex.o
 .debug_aranges
                0x000006a0       0x58 ./Drivers/STM32F4xx_HAL_Driver/Src/stm32f4xx_hal_gpio.o
 .debug_aranges
                0x000006f8      0x2a8 ./Drivers/STM32F4xx_HAL_Driver/Src/stm32f4xx_hal_i2c.o
 .debug_aranges
                0x000009a0       0x88 ./Drivers/STM32F4xx_HAL_Driver/Src/stm32f4xx_hal_rcc.o
 .debug_aranges
                0x00000a28      0x3d0 ./Drivers/STM32F4xx_HAL_Driver/Src/stm32f4xx_hal_tim.o
 .debug_aranges
                0x00000df8      0x168 ./Drivers/STM32F4xx_HAL_Driver/Src/stm32f4xx_hal_tim_ex.o

.debug_rnglists
                0x00000000      0xbeb
 .debug_rnglists
                0x00000000       0x1f ./Core/Src/adc_task.o
 .debug_rnglists
                0x0000001f       0x26 ./Core/Src/controller_task.o
 .debug_rnglists
                0x00000045       0x2b ./Core/Src/game_task.o
 .debug_rnglists
                0x00000070       0x37 ./Core/Src/lcd.o
 .debug_rnglists
                0x000000a7       0x5f ./Core/Src/main.o
 .debug_rnglists
                0x00000106       0x22 ./Core/Src/motor_driver.o
 .debug_rnglists
                0x00000128       0x25 ./Core/Src/photoresistor_task.o
 .debug_rnglists
                0x0000014d       0x2d ./Core/Src/shoot_task.o
 .debug_rnglists
                0x0000017a       0x37 ./Core/Src/sound_task.o
 .debug_rnglists
                0x000001b1       0x4e ./Core/Src/stm32f4xx_hal_msp.o
 .debug_rnglists
                0x000001ff       0x55 ./Core/Src/stm32f4xx_it.o
 .debug_rnglists
                0x00000254       0x1a ./Core/Src/system_stm32f4xx.o
 .debug_rnglists
                0x0000026e       0x19 ./Core/Startup/startup_stm32f411ceux.o
 .debug_rnglists
                0x00000287       0xaf ./Drivers/STM32F4xx_HAL_Driver/Src/stm32f4xx_hal.o
 .debug_rnglists
                0x00000336       0xb5 ./Drivers/STM32F4xx_HAL_Driver/Src/stm32f4xx_hal_adc.o
 .debug_rnglists
                0x000003eb       0xe0 ./Drivers/STM32F4xx_HAL_Driver/Src/stm32f4xx_hal_cortex.o
 .debug_rnglists
                0x000004cb       0x3f ./Drivers/STM32F4xx_HAL_Driver/Src/stm32f4xx_hal_gpio.o
 .debug_rnglists
                0x0000050a      0x23c ./Drivers/STM32F4xx_HAL_Driver/Src/stm32f4xx_hal_i2c.o
 .debug_rnglists
                0x00000746       0x66 ./Drivers/STM32F4xx_HAL_Driver/Src/stm32f4xx_hal_rcc.o
 .debug_rnglists
                0x000007ac      0x31a ./Drivers/STM32F4xx_HAL_Driver/Src/stm32f4xx_hal_tim.o
 .debug_rnglists
                0x00000ac6      0x125 ./Drivers/STM32F4xx_HAL_Driver/Src/stm32f4xx_hal_tim_ex.o

.debug_macro    0x00000000    0x18de1
 .debug_macro   0x00000000      0x327 ./Core/Src/adc_task.o
 .debug_macro   0x00000327      0xad8 ./Core/Src/adc_task.o
 .debug_macro   0x00000dff       0x2a ./Core/Src/adc_task.o
 .debug_macro   0x00000e29       0x22 ./Core/Src/adc_task.o
 .debug_macro   0x00000e4b       0x5b ./Core/Src/adc_task.o
 .debug_macro   0x00000ea6       0x94 ./Core/Src/adc_task.o
 .debug_macro   0x00000f3a       0x43 ./Core/Src/adc_task.o
 .debug_macro   0x00000f7d       0x34 ./Core/Src/adc_task.o
 .debug_macro   0x00000fb1       0x16 ./Core/Src/adc_task.o
 .debug_macro   0x00000fc7      0x11c ./Core/Src/adc_task.o
 .debug_macro   0x000010e3       0x9b ./Core/Src/adc_task.o
 .debug_macro   0x0000117e       0x57 ./Core/Src/adc_task.o
 .debug_macro   0x000011d5      0x370 ./Core/Src/adc_task.o
 .debug_macro   0x00001545       0x16 ./Core/Src/adc_task.o
 .debug_macro   0x0000155b       0x4a ./Core/Src/adc_task.o
 .debug_macro   0x000015a5       0x34 ./Core/Src/adc_task.o
 .debug_macro   0x000015d9       0x10 ./Core/Src/adc_task.o
 .debug_macro   0x000015e9       0x58 ./Core/Src/adc_task.o
 .debug_macro   0x00001641       0x8e ./Core/Src/adc_task.o
 .debug_macro   0x000016cf       0x1c ./Core/Src/adc_task.o
 .debug_macro   0x000016eb      0x185 ./Core/Src/adc_task.o
 .debug_macro   0x00001870       0x16 ./Core/Src/adc_task.o
 .debug_macro   0x00001886       0x29 ./Core/Src/adc_task.o
 .debug_macro   0x000018af       0x1c ./Core/Src/adc_task.o
 .debug_macro   0x000018cb       0x3c ./Core/Src/adc_task.o
 .debug_macro   0x00001907       0x10 ./Core/Src/adc_task.o
 .debug_macro   0x00001917       0x1c ./Core/Src/adc_task.o
 .debug_macro   0x00001933       0x16 ./Core/Src/adc_task.o
 .debug_macro   0x00001949      0x146 ./Core/Src/adc_task.o
 .debug_macro   0x00001a8f      0x2a1 ./Core/Src/adc_task.o
 .debug_macro   0x00001d30       0x2e ./Core/Src/adc_task.o
 .debug_macro   0x00001d5e       0x28 ./Core/Src/adc_task.o
 .debug_macro   0x00001d86      0x103 ./Core/Src/adc_task.o
 .debug_macro   0x00001e89       0x6a ./Core/Src/adc_task.o
 .debug_macro   0x00001ef3      0x1df ./Core/Src/adc_task.o
 .debug_macro   0x000020d2       0x1c ./Core/Src/adc_task.o
 .debug_macro   0x000020ee       0x22 ./Core/Src/adc_task.o
 .debug_macro   0x00002110       0xfb ./Core/Src/adc_task.o
 .debug_macro   0x0000220b     0x1011 ./Core/Src/adc_task.o
 .debug_macro   0x0000321c      0x11f ./Core/Src/adc_task.o
 .debug_macro   0x0000333b     0xb968 ./Core/Src/adc_task.o
 .debug_macro   0x0000eca3       0x6d ./Core/Src/adc_task.o
 .debug_macro   0x0000ed10     0x3693 ./Core/Src/adc_task.o
 .debug_macro   0x000123a3       0x56 ./Core/Src/adc_task.o
 .debug_macro   0x000123f9      0x45c ./Core/Src/adc_task.o
 .debug_macro   0x00012855      0x9e9 ./Core/Src/adc_task.o
 .debug_macro   0x0001323e      0x115 ./Core/Src/adc_task.o
 .debug_macro   0x00013353      0x11b ./Core/Src/adc_task.o
 .debug_macro   0x0001346e       0xa5 ./Core/Src/adc_task.o
 .debug_macro   0x00013513      0x15f ./Core/Src/adc_task.o
 .debug_macro   0x00013672      0x287 ./Core/Src/adc_task.o
 .debug_macro   0x000138f9       0x5f ./Core/Src/adc_task.o
 .debug_macro   0x00013958      0x236 ./Core/Src/adc_task.o
 .debug_macro   0x00013b8e      0x9e1 ./Core/Src/adc_task.o
 .debug_macro   0x0001456f      0x38b ./Core/Src/adc_task.o
 .debug_macro   0x000148fa      0x17d ./Core/Src/adc_task.o
 .debug_macro   0x00014a77       0xf9 ./Core/Src/adc_task.o
 .debug_macro   0x00014b70      0x132 ./Core/Src/adc_task.o
 .debug_macro   0x00014ca2      0x264 ./Core/Src/adc_task.o
 .debug_macro   0x00014f06       0x2e ./Core/Src/adc_task.o
 .debug_macro   0x00014f34      0x1b5 ./Core/Src/adc_task.o
 .debug_macro   0x000150e9       0x22 ./Core/Src/adc_task.o
 .debug_macro   0x0001510b       0xd6 ./Core/Src/adc_task.o
 .debug_macro   0x000151e1      0x127 ./Core/Src/adc_task.o
 .debug_macro   0x00015308       0x85 ./Core/Src/adc_task.o
 .debug_macro   0x0001538d       0x89 ./Core/Src/adc_task.o
 .debug_macro   0x00015416      0x8ed ./Core/Src/adc_task.o
 .debug_macro   0x00015d03       0x47 ./Core/Src/adc_task.o
 .debug_macro   0x00015d4a      0x126 ./Core/Src/adc_task.o
 .debug_macro   0x00015e70      0x317 ./Core/Src/controller_task.o
 .debug_macro   0x00016187      0x305 ./Core/Src/game_task.o
 .debug_macro   0x0001648c       0x8e ./Core/Src/game_task.o
 .debug_macro   0x0001651a       0x51 ./Core/Src/game_task.o
 .debug_macro   0x0001656b      0x190 ./Core/Src/game_task.o
 .debug_macro   0x000166fb       0x5c ./Core/Src/game_task.o
 .debug_macro   0x00016757       0x61 ./Core/Src/game_task.o
 .debug_macro   0x000167b8       0x16 ./Core/Src/game_task.o
 .debug_macro   0x000167ce       0x16 ./Core/Src/game_task.o
 .debug_macro   0x000167e4      0x221 ./Core/Src/lcd.o
 .debug_macro   0x00016a05      0x363 ./Core/Src/main.o
 .debug_macro   0x00016d68      0x30f ./Core/Src/motor_driver.o
 .debug_macro   0x00017077      0x2e7 ./Core/Src/photoresistor_task.o
 .debug_macro   0x0001735e      0x2e7 ./Core/Src/shoot_task.o
 .debug_macro   0x00017645       0x6d ./Core/Src/sound_task.o
 .debug_macro   0x000176b2      0x20f ./Core/Src/stm32f4xx_hal_msp.o
 .debug_macro   0x000178c1      0x219 ./Core/Src/stm32f4xx_it.o
 .debug_macro   0x00017ada      0x205 ./Core/Src/system_stm32f4xx.o
 .debug_macro   0x00017cdf      0x265 ./Drivers/STM32F4xx_HAL_Driver/Src/stm32f4xx_hal.o
 .debug_macro   0x00017f44      0x206 ./Drivers/STM32F4xx_HAL_Driver/Src/stm32f4xx_hal_adc.o
 .debug_macro   0x0001814a      0x205 ./Drivers/STM32F4xx_HAL_Driver/Src/stm32f4xx_hal_cortex.o
 .debug_macro   0x0001834f      0x20b ./Drivers/STM32F4xx_HAL_Driver/Src/stm32f4xx_hal_gpio.o
 .debug_macro   0x0001855a      0x253 ./Drivers/STM32F4xx_HAL_Driver/Src/stm32f4xx_hal_i2c.o
 .debug_macro   0x000187ad      0x229 ./Drivers/STM32F4xx_HAL_Driver/Src/stm32f4xx_hal_rcc.o
 .debug_macro   0x000189d6      0x206 ./Drivers/STM32F4xx_HAL_Driver/Src/stm32f4xx_hal_tim.o
 .debug_macro   0x00018bdc      0x205 ./Drivers/STM32F4xx_HAL_Driver/Src/stm32f4xx_hal_tim_ex.o

.debug_line     0x00000000    0x13ab0
 .debug_line    0x00000000      0x97f ./Core/Src/adc_task.o
 .debug_line    0x0000097f      0xaac ./Core/Src/controller_task.o
 .debug_line    0x0000142b      0x994 ./Core/Src/game_task.o
 .debug_line    0x00001dbf      0x7f2 ./Core/Src/lcd.o
 .debug_line    0x000025b1      0xdb3 ./Core/Src/main.o
 .debug_line    0x00003364      0xa45 ./Core/Src/motor_driver.o
 .debug_line    0x00003da9      0x918 ./Core/Src/photoresistor_task.o
 .debug_line    0x000046c1      0x9b3 ./Core/Src/shoot_task.o
 .debug_line    0x00005074      0x4f9 ./Core/Src/sound_task.o
 .debug_line    0x0000556d      0x937 ./Core/Src/stm32f4xx_hal_msp.o
 .debug_line    0x00005ea4      0x833 ./Core/Src/stm32f4xx_it.o
 .debug_line    0x000066d7      0x7c0 ./Core/Src/system_stm32f4xx.o
 .debug_line    0x00006e97       0x7a ./Core/Startup/startup_stm32f411ceux.o
 .debug_line    0x00006f11      0xa2d ./Drivers/STM32F4xx_HAL_Driver/Src/stm32f4xx_hal.o
 .debug_line    0x0000793e     0x1184 ./Drivers/STM32F4xx_HAL_Driver/Src/stm32f4xx_hal_adc.o
 .debug_line    0x00008ac2      0xcfd ./Drivers/STM32F4xx_HAL_Driver/Src/stm32f4xx_hal_cortex.o
 .debug_line    0x000097bf      0xb49 ./Drivers/STM32F4xx_HAL_Driver/Src/stm32f4xx_hal_gpio.o
 .debug_line    0x0000a308     0x3ada ./Drivers/STM32F4xx_HAL_Driver/Src/stm32f4xx_hal_i2c.o
 .debug_line    0x0000dde2      0xe3a ./Drivers/STM32F4xx_HAL_Driver/Src/stm32f4xx_hal_rcc.o
 .debug_line    0x0000ec1c     0x356c ./Drivers/STM32F4xx_HAL_Driver/Src/stm32f4xx_hal_tim.o
 .debug_line    0x00012188     0x1928 ./Drivers/STM32F4xx_HAL_Driver/Src/stm32f4xx_hal_tim_ex.o

.debug_str      0x00000000    0x9a4a6
 .debug_str     0x00000000    0x9a4a6 ./Core/Src/adc_task.o
                              0x965fd (size before relaxing)
 .debug_str     0x0009a4a6    0x9665f ./Core/Src/controller_task.o
 .debug_str     0x0009a4a6    0x96312 ./Core/Src/game_task.o
 .debug_str     0x0009a4a6    0x92a49 ./Core/Src/lcd.o
 .debug_str     0x0009a4a6    0x9778b ./Core/Src/main.o
 .debug_str     0x0009a4a6    0x96255 ./Core/Src/motor_driver.o
 .debug_str     0x0009a4a6    0x95ce9 ./Core/Src/photoresistor_task.o
 .debug_str     0x0009a4a6    0x9629a ./Core/Src/shoot_task.o
 .debug_str     0x0009a4a6     0x3eb8 ./Core/Src/sound_task.o
 .debug_str     0x0009a4a6    0x93028 ./Core/Src/stm32f4xx_hal_msp.o
 .debug_str     0x0009a4a6    0x92552 ./Core/Src/stm32f4xx_it.o
 .debug_str     0x0009a4a6    0x92628 ./Core/Src/system_stm32f4xx.o
 .debug_str     0x0009a4a6       0x80 ./Core/Startup/startup_stm32f411ceux.o
 .debug_str     0x0009a4a6    0x93054 ./Drivers/STM32F4xx_HAL_Driver/Src/stm32f4xx_hal.o
 .debug_str     0x0009a4a6    0x92c03 ./Drivers/STM32F4xx_HAL_Driver/Src/stm32f4xx_hal_adc.o
 .debug_str     0x0009a4a6    0x92dbe ./Drivers/STM32F4xx_HAL_Driver/Src/stm32f4xx_hal_cortex.o
 .debug_str     0x0009a4a6    0x927a3 ./Drivers/STM32F4xx_HAL_Driver/Src/stm32f4xx_hal_gpio.o
 .debug_str     0x0009a4a6    0x93639 ./Drivers/STM32F4xx_HAL_Driver/Src/stm32f4xx_hal_i2c.o
 .debug_str     0x0009a4a6    0x92a5c ./Drivers/STM32F4xx_HAL_Driver/Src/stm32f4xx_hal_rcc.o
 .debug_str     0x0009a4a6    0x939a0 ./Drivers/STM32F4xx_HAL_Driver/Src/stm32f4xx_hal_tim.o
 .debug_str     0x0009a4a6    0x931ac ./Drivers/STM32F4xx_HAL_Driver/Src/stm32f4xx_hal_tim_ex.o

.comment        0x00000000       0x43
 .comment       0x00000000       0x43 ./Core/Src/adc_task.o
                                 0x44 (size before relaxing)
 .comment       0x00000043       0x44 ./Core/Src/controller_task.o
 .comment       0x00000043       0x44 ./Core/Src/game_task.o
 .comment       0x00000043       0x44 ./Core/Src/lcd.o
 .comment       0x00000043       0x44 ./Core/Src/main.o
 .comment       0x00000043       0x44 ./Core/Src/motor_driver.o
 .comment       0x00000043       0x44 ./Core/Src/photoresistor_task.o
 .comment       0x00000043       0x44 ./Core/Src/shoot_task.o
 .comment       0x00000043       0x44 ./Core/Src/sound_task.o
 .comment       0x00000043       0x44 ./Core/Src/stm32f4xx_hal_msp.o
 .comment       0x00000043       0x44 ./Core/Src/stm32f4xx_it.o
 .comment       0x00000043       0x44 ./Core/Src/system_stm32f4xx.o
 .comment       0x00000043       0x44 ./Drivers/STM32F4xx_HAL_Driver/Src/stm32f4xx_hal.o
 .comment       0x00000043       0x44 ./Drivers/STM32F4xx_HAL_Driver/Src/stm32f4xx_hal_adc.o
 .comment       0x00000043       0x44 ./Drivers/STM32F4xx_HAL_Driver/Src/stm32f4xx_hal_cortex.o
 .comment       0x00000043       0x44 ./Drivers/STM32F4xx_HAL_Driver/Src/stm32f4xx_hal_gpio.o
 .comment       0x00000043       0x44 ./Drivers/STM32F4xx_HAL_Driver/Src/stm32f4xx_hal_i2c.o
 .comment       0x00000043       0x44 ./Drivers/STM32F4xx_HAL_Driver/Src/stm32f4xx_hal_rcc.o
 .comment       0x00000043       0x44 ./Drivers/STM32F4xx_HAL_Driver/Src/stm32f4xx_hal_tim.o
 .comment       0x00000043       0x44 ./Drivers/STM32F4xx_HAL_Driver/Src/stm32f4xx_hal_tim_ex.o

.debug_frame    0x00000000     0x3fc8
 .debug_frame   0x00000000       0x84 ./Core/Src/adc_task.o
 .debug_frame   0x00000084       0xa4 ./Core/Src/controller_task.o
 .debug_frame   0x00000128       0xcc ./Core/Src/game_task.o
 .debug_frame   0x000001f4      0x104 ./Core/Src/lcd.o
 .debug_frame   0x000002f8      0x1a4 ./Core/Src/main.o
 .debug_frame   0x0000049c       0x88 ./Core/Src/motor_driver.o
 .debug_frame   0x00000524       0xac ./Core/Src/photoresistor_task.o
 .debug_frame   0x000005d0       0xc8 ./Core/Src/shoot_task.o
 .debug_frame   0x00000698      0x124 ./Core/Src/sound_task.o
 .debug_frame   0x000007bc      0x184 ./Core/Src/stm32f4xx_hal_msp.o
 .debug_frame   0x00000940      0x158 ./Core/Src/stm32f4xx_it.o
 .debug_frame   0x00000a98       0x58 ./Core/Src/system_stm32f4xx.o
 .debug_frame   0x00000af0      0x374 ./Drivers/STM32F4xx_HAL_Driver/Src/stm32f4xx_hal.o
 .debug_frame   0x00000e64      0x3fc ./Drivers/STM32F4xx_HAL_Driver/Src/stm32f4xx_hal_adc.o
 .debug_frame   0x00001260      0x508 ./Drivers/STM32F4xx_HAL_Driver/Src/stm32f4xx_hal_cortex.o
 .debug_frame   0x00001768      0x14c ./Drivers/STM32F4xx_HAL_Driver/Src/stm32f4xx_hal_gpio.o
 .debug_frame   0x000018b4      0xc84 ./Drivers/STM32F4xx_HAL_Driver/Src/stm32f4xx_hal_i2c.o
 .debug_frame   0x00002538      0x1f4 ./Drivers/STM32F4xx_HAL_Driver/Src/stm32f4xx_hal_rcc.o
 .debug_frame   0x0000272c     0x11b8 ./Drivers/STM32F4xx_HAL_Driver/Src/stm32f4xx_hal_tim.o
 .debug_frame   0x000038e4      0x638 ./Drivers/STM32F4xx_HAL_Driver/Src/stm32f4xx_hal_tim_ex.o
 .debug_frame   0x00003f1c       0x20 /Applications/STM32CubeIDE.app/Contents/Eclipse/plugins/com.st.stm32cube.ide.mcu.externaltools.gnu-tools-for-stm32.13.3.rel1.macos64_1.0.0.202411102158/tools/bin/../lib/gcc/arm-none-eabi/13.3.1/../../../../arm-none-eabi/lib/thumb/v7e-m+fp/hard/libc_nano.a(libc_a-memset.o)
 .debug_frame   0x00003f3c       0x2c /Applications/STM32CubeIDE.app/Contents/Eclipse/plugins/com.st.stm32cube.ide.mcu.externaltools.gnu-tools-for-stm32.13.3.rel1.macos64_1.0.0.202411102158/tools/bin/../lib/gcc/arm-none-eabi/13.3.1/../../../../arm-none-eabi/lib/thumb/v7e-m+fp/hard/libc_nano.a(libc_a-init.o)
 .debug_frame   0x00003f68       0x2c /Applications/STM32CubeIDE.app/Contents/Eclipse/plugins/com.st.stm32cube.ide.mcu.externaltools.gnu-tools-for-stm32.13.3.rel1.macos64_1.0.0.202411102158/tools/bin/../lib/gcc/arm-none-eabi/13.3.1/thumb/v7e-m+fp/hard/libgcc.a(_aeabi_uldivmod.o)
 .debug_frame   0x00003f94       0x34 /Applications/STM32CubeIDE.app/Contents/Eclipse/plugins/com.st.stm32cube.ide.mcu.externaltools.gnu-tools-for-stm32.13.3.rel1.macos64_1.0.0.202411102158/tools/bin/../lib/gcc/arm-none-eabi/13.3.1/thumb/v7e-m+fp/hard/libgcc.a(_udivmoddi4.o)

.debug_line_str
                0x00000000       0x64
 .debug_line_str
                0x00000000       0x64 ./Core/Startup/startup_stm32f411ceux.o
