../Core/Src/main.c:260:5:main	8	static
../Core/Src/main.c:380:6:SystemClock_Config	88	static
../Core/Src/main.c:426:13:MX_ADC1_Init	24	static
../Core/Src/main.c:505:13:MX_I2C1_Init	8	static
../Core/Src/main.c:539:13:MX_TIM1_Init	80	static
../Core/Src/main.c:616:13:MX_TIM2_Init	48	static
../Core/Src/main.c:665:13:MX_TIM3_Init	56	static
../Core/Src/main.c:714:13:MX_TIM4_Init	48	static
../Core/Src/main.c:767:13:MX_TIM5_Init	56	static
../Core/Src/main.c:814:13:MX_DMA_Init	16	static
../Core/Src/main.c:832:13:MX_GPIO_Init	48	static
../Core/Src/main.c:896:6:HAL_GPIO_EXTI_Callback	16	static
../Core/Src/main.c:933:6:calibration	8	static
../Core/Src/main.c:970:6:Error_Handler	4	static,ignoring_inline_asm
