../Core/Src/main.c:147:5:main	8	static
../Core/Src/main.c:212:6:SystemClock_Config	88	static
../Core/Src/main.c:254:13:MX_ADC1_Init	24	static
../Core/Src/main.c:306:13:MX_I2C1_Init	8	static
../Core/Src/main.c:340:13:MX_TIM1_Init	80	static
../Core/Src/main.c:417:13:MX_TIM2_Init	48	static
../Core/Src/main.c:466:13:MX_TIM3_Init	56	static
../Core/Src/main.c:515:13:MX_TIM4_Init	48	static
../Core/Src/main.c:568:13:MX_TIM5_Init	56	static
../Core/Src/main.c:617:13:MX_GPIO_Init	48	static
../Core/Src/main.c:684:6:Error_Handler	4	static,ignoring_inline_asm
