../Core/Src/main.c:238:5:main	8	static
../Core/Src/main.c:362:6:SystemClock_Config	88	static
../Core/Src/main.c:408:13:MX_ADC1_Init	24	static
../Core/Src/main.c:469:13:MX_I2C1_Init	8	static
../Core/Src/main.c:503:13:MX_TIM1_Init	80	static
../Core/Src/main.c:580:13:MX_TIM2_Init	48	static
../Core/Src/main.c:629:13:MX_TIM3_Init	56	static
../Core/Src/main.c:678:13:MX_TIM4_Init	48	static
../Core/Src/main.c:731:13:MX_TIM5_Init	56	static
../Core/Src/main.c:780:13:MX_GPIO_Init	48	static
../Core/Src/main.c:856:6:HAL_GPIO_EXTI_Callback	16	static
../Core/Src/main.c:899:6:Error_Handler	4	static,ignoring_inline_asm
