../Core/Src/main.c:238:5:main	8	static
../Core/Src/main.c:361:6:SystemClock_Config	88	static
../Core/Src/main.c:407:13:MX_ADC1_Init	24	static
../Core/Src/main.c:486:13:MX_I2C1_Init	8	static
../Core/Src/main.c:520:13:MX_TIM1_Init	80	static
../Core/Src/main.c:597:13:MX_TIM2_Init	48	static
../Core/Src/main.c:646:13:MX_TIM3_Init	56	static
../Core/Src/main.c:695:13:MX_TIM4_Init	48	static
../Core/Src/main.c:748:13:MX_TIM5_Init	56	static
../Core/Src/main.c:797:13:MX_GPIO_Init	48	static
../Core/Src/main.c:861:6:HAL_GPIO_EXTI_Callback	16	static
../Core/Src/main.c:904:6:Error_Handler	4	static,ignoring_inline_asm
