../Core/Src/main.c:118:5:main	8	static
../Core/Src/main.c:183:6:SystemClock_Config	88	static
../Core/Src/main.c:225:13:MX_ADC1_Init	24	static
../Core/Src/main.c:277:13:MX_I2C1_Init	8	static
../Core/Src/main.c:311:13:MX_TIM1_Init	80	static
../Core/Src/main.c:388:13:MX_TIM2_Init	48	static
../Core/Src/main.c:437:13:MX_TIM3_Init	56	static
../Core/Src/main.c:486:13:MX_TIM4_Init	48	static
../Core/Src/main.c:539:13:MX_TIM5_Init	56	static
../Core/Src/main.c:588:13:MX_GPIO_Init	48	static
../Core/Src/main.c:655:6:Error_Handler	4	static,ignoring_inline_asm
