../Core/Src/main.c:201:5:main	8	static
../Core/Src/main.c:315:6:SystemClock_Config	88	static
../Core/Src/main.c:361:13:MX_ADC1_Init	56	static
../Core/Src/main.c:439:13:MX_I2C1_Init	8	static
../Core/Src/main.c:473:13:MX_TIM1_Init	80	static
../Core/Src/main.c:550:13:MX_TIM2_Init	48	static
../Core/Src/main.c:599:13:MX_TIM3_Init	56	static
../Core/Src/main.c:648:13:MX_TIM4_Init	48	static
../Core/Src/main.c:701:13:MX_TIM5_Init	56	static
../Core/Src/main.c:750:13:MX_GPIO_Init	48	static
../Core/Src/main.c:826:6:HAL_GPIO_EXTI_Callback	16	static
../Core/Src/main.c:865:6:Error_Handler	4	static,ignoring_inline_asm
